Component: ARM Compiler 5.06 update 5 (build 528) Tool: armlink [4d35e2]

==============================================================================

Section Cross References

    system_stm32f0xx.o(i.SystemCoreClockUpdate) refers to uidiv.o(.text) for __aeabi_uidivmod
    system_stm32f0xx.o(i.SystemCoreClockUpdate) refers to system_stm32f0xx.o(.data) for .data
    system_stm32f0xx.o(i.SystemCoreClockUpdate) refers to system_stm32f0xx.o(.constdata) for .constdata
    stm32f0xx_hal_pwr_ex.o(i.HAL_PWREx_Vddio2Monitor_IRQHandler) refers to stm32f0xx_hal_pwr_ex.o(i.HAL_PWREx_Vddio2MonitorCallback) for HAL_PWREx_Vddio2MonitorCallback
    stm32f0xx_hal_pwr_ex.o(i.HAL_PWR_PVD_IRQHandler) refers to stm32f0xx_hal_pwr_ex.o(i.HAL_PWR_PVDCallback) for HAL_PWR_PVDCallback
    stm32f0xx_hal_gpio.o(i.HAL_GPIO_EXTI_IRQHandler) refers to stm32f0xx_hal_gpio.o(i.HAL_GPIO_EXTI_Callback) for HAL_GPIO_EXTI_Callback
    stm32f0xx_hal_i2c.o(i.HAL_I2C_DeInit) refers to stm32f0xx_hal_i2c.o(i.HAL_I2C_MspDeInit) for HAL_I2C_MspDeInit
    stm32f0xx_hal_i2c.o(i.HAL_I2C_DisableListen_IT) refers to stm32f0xx_hal_i2c.o(i.I2C_Disable_IRQ) for I2C_Disable_IRQ
    stm32f0xx_hal_i2c.o(i.HAL_I2C_ER_IRQHandler) refers to stm32f0xx_hal_i2c.o(i.I2C_ITError) for I2C_ITError
    stm32f0xx_hal_i2c.o(i.HAL_I2C_EnableListen_IT) refers to stm32f0xx_hal_i2c.o(i.I2C_Enable_IRQ) for I2C_Enable_IRQ
    stm32f0xx_hal_i2c.o(i.HAL_I2C_EnableListen_IT) refers to stm32f0xx_hal_i2c.o(i.I2C_Slave_ISR_IT) for I2C_Slave_ISR_IT
    stm32f0xx_hal_i2c.o(i.HAL_I2C_Init) refers to stm32f0xx_hal_i2c.o(i.HAL_I2C_MspInit) for HAL_I2C_MspInit
    stm32f0xx_hal_i2c.o(i.HAL_I2C_IsDeviceReady) refers to stm32f0xx_hal.o(i.HAL_GetTick) for HAL_GetTick
    stm32f0xx_hal_i2c.o(i.HAL_I2C_IsDeviceReady) refers to stm32f0xx_hal_i2c.o(i.I2C_WaitOnFlagUntilTimeout) for I2C_WaitOnFlagUntilTimeout
    stm32f0xx_hal_i2c.o(i.HAL_I2C_Master_Abort_IT) refers to stm32f0xx_hal_i2c.o(i.I2C_Disable_IRQ) for I2C_Disable_IRQ
    stm32f0xx_hal_i2c.o(i.HAL_I2C_Master_Abort_IT) refers to stm32f0xx_hal_i2c.o(i.I2C_TransferConfig) for I2C_TransferConfig
    stm32f0xx_hal_i2c.o(i.HAL_I2C_Master_Abort_IT) refers to stm32f0xx_hal_i2c.o(i.I2C_Enable_IRQ) for I2C_Enable_IRQ
    stm32f0xx_hal_i2c.o(i.HAL_I2C_Master_Receive) refers to stm32f0xx_hal.o(i.HAL_GetTick) for HAL_GetTick
    stm32f0xx_hal_i2c.o(i.HAL_I2C_Master_Receive) refers to stm32f0xx_hal_i2c.o(i.I2C_WaitOnFlagUntilTimeout) for I2C_WaitOnFlagUntilTimeout
    stm32f0xx_hal_i2c.o(i.HAL_I2C_Master_Receive) refers to stm32f0xx_hal_i2c.o(i.I2C_TransferConfig) for I2C_TransferConfig
    stm32f0xx_hal_i2c.o(i.HAL_I2C_Master_Receive) refers to stm32f0xx_hal_i2c.o(i.I2C_WaitOnRXNEFlagUntilTimeout) for I2C_WaitOnRXNEFlagUntilTimeout
    stm32f0xx_hal_i2c.o(i.HAL_I2C_Master_Receive) refers to stm32f0xx_hal_i2c.o(i.I2C_WaitOnSTOPFlagUntilTimeout) for I2C_WaitOnSTOPFlagUntilTimeout
    stm32f0xx_hal_i2c.o(i.HAL_I2C_Master_Receive_DMA) refers to stm32f0xx_hal_dma.o(i.HAL_DMA_Start_IT) for HAL_DMA_Start_IT
    stm32f0xx_hal_i2c.o(i.HAL_I2C_Master_Receive_DMA) refers to stm32f0xx_hal_i2c.o(i.I2C_TransferConfig) for I2C_TransferConfig
    stm32f0xx_hal_i2c.o(i.HAL_I2C_Master_Receive_DMA) refers to stm32f0xx_hal_i2c.o(i.I2C_Enable_IRQ) for I2C_Enable_IRQ
    stm32f0xx_hal_i2c.o(i.HAL_I2C_Master_Receive_DMA) refers to stm32f0xx_hal_i2c.o(i.I2C_Master_ISR_DMA) for I2C_Master_ISR_DMA
    stm32f0xx_hal_i2c.o(i.HAL_I2C_Master_Receive_DMA) refers to stm32f0xx_hal_i2c.o(i.I2C_DMAMasterReceiveCplt) for I2C_DMAMasterReceiveCplt
    stm32f0xx_hal_i2c.o(i.HAL_I2C_Master_Receive_DMA) refers to stm32f0xx_hal_i2c.o(i.I2C_DMAError) for I2C_DMAError
    stm32f0xx_hal_i2c.o(i.HAL_I2C_Master_Receive_DMA) refers to stm32f0xx_hal_i2c.o(i.I2C_Master_ISR_IT) for I2C_Master_ISR_IT
    stm32f0xx_hal_i2c.o(i.HAL_I2C_Master_Receive_IT) refers to stm32f0xx_hal_i2c.o(i.I2C_TransferConfig) for I2C_TransferConfig
    stm32f0xx_hal_i2c.o(i.HAL_I2C_Master_Receive_IT) refers to stm32f0xx_hal_i2c.o(i.I2C_Enable_IRQ) for I2C_Enable_IRQ
    stm32f0xx_hal_i2c.o(i.HAL_I2C_Master_Receive_IT) refers to stm32f0xx_hal_i2c.o(i.I2C_Master_ISR_IT) for I2C_Master_ISR_IT
    stm32f0xx_hal_i2c.o(i.HAL_I2C_Master_Sequential_Receive_IT) refers to stm32f0xx_hal_i2c.o(i.I2C_TransferConfig) for I2C_TransferConfig
    stm32f0xx_hal_i2c.o(i.HAL_I2C_Master_Sequential_Receive_IT) refers to stm32f0xx_hal_i2c.o(i.I2C_Enable_IRQ) for I2C_Enable_IRQ
    stm32f0xx_hal_i2c.o(i.HAL_I2C_Master_Sequential_Receive_IT) refers to stm32f0xx_hal_i2c.o(i.I2C_Master_ISR_IT) for I2C_Master_ISR_IT
    stm32f0xx_hal_i2c.o(i.HAL_I2C_Master_Sequential_Transmit_IT) refers to stm32f0xx_hal_i2c.o(i.I2C_TransferConfig) for I2C_TransferConfig
    stm32f0xx_hal_i2c.o(i.HAL_I2C_Master_Sequential_Transmit_IT) refers to stm32f0xx_hal_i2c.o(i.I2C_Enable_IRQ) for I2C_Enable_IRQ
    stm32f0xx_hal_i2c.o(i.HAL_I2C_Master_Sequential_Transmit_IT) refers to stm32f0xx_hal_i2c.o(i.I2C_Master_ISR_IT) for I2C_Master_ISR_IT
[...]
    CDC_Control_FS                           0x08000b49   Thumb Code     4  usbd_cdc_if.o(i.CDC_Control_FS)
    i.CDC_DeInit_FS                          0x08000b4c   Section        0  usbd_cdc_if.o(i.CDC_DeInit_FS)
    CDC_DeInit_FS                            0x08000b4d   Thumb Code     4  usbd_cdc_if.o(i.CDC_DeInit_FS)
    i.CDC_Init_FS                            0x08000b50   Section        0  usbd_cdc_if.o(i.CDC_Init_FS)
    CDC_Init_FS                              0x08000b51   Thumb Code    26  usbd_cdc_if.o(i.CDC_Init_FS)
    i.CDC_Receive_FS                         0x08000b70   Section        0  usbd_cdc_if.o(i.CDC_Receive_FS)
    CDC_Receive_FS                           0x08000b71   Thumb Code    30  usbd_cdc_if.o(i.CDC_Receive_FS)
    i.CDC_Transmit_FS                        0x08000b94   Section        0  usbd_cdc_if.o(i.CDC_Transmit_FS)
    i.DMA1_Channel1_IRQHandler               0x08000bc8   Section        0  stm32f0xx_it.o(i.DMA1_Channel1_IRQHandler)
    i.DMA_CalcBaseAndBitshift                0x08000bd8   Section        0  stm32f0xx_hal_dma.o(i.DMA_CalcBaseAndBitshift)
    DMA_CalcBaseAndBitshift                  0x08000bd9   Thumb Code    26  stm32f0xx_hal_dma.o(i.DMA_CalcBaseAndBitshift)
    i.DMA_SetConfig                          0x08000bfc   Section        0  stm32f0xx_hal_dma.o(i.DMA_SetConfig)
    DMA_SetConfig                            0x08000bfd   Thumb Code    40  stm32f0xx_hal_dma.o(i.DMA_SetConfig)
    i.HAL_ADCEx_Calibration_Start            0x08000c24   Section        0  stm32f0xx_hal_adc_ex.o(i.HAL_ADCEx_Calibration_Start)
    i.HAL_ADC_ConfigChannel                  0x08000cd4   Section        0  stm32f0xx_hal_adc.o(i.HAL_ADC_ConfigChannel)
    i.HAL_ADC_ConvCpltCallback               0x08000e00   Section        0  stm32f0xx_hal_adc.o(i.HAL_ADC_ConvCpltCallback)
    i.HAL_ADC_ConvHalfCpltCallback           0x08000e02   Section        0  stm32f0xx_hal_adc.o(i.HAL_ADC_ConvHalfCpltCallback)
    i.HAL_ADC_ErrorCallback                  0x08000e04   Section        0  stm32f0xx_hal_adc.o(i.HAL_ADC_ErrorCallback)
    i.HAL_ADC_Init                           0x08000e08   Section        0  stm32f0xx_hal_adc.o(i.HAL_ADC_Init)
    i.HAL_ADC_MspInit                        0x08000f7c   Section        0  stm32f0xx_hal_msp.o(i.HAL_ADC_MspInit)
    i.HAL_ADC_Start_DMA                      0x08001014   Section        0  stm32f0xx_hal_adc.o(i.HAL_ADC_Start_DMA)
    i.HAL_ADC_Stop                           0x080010b4   Section        0  stm32f0xx_hal_adc.o(i.HAL_ADC_Stop)
    i.HAL_DMA_IRQHandler                     0x080010f2   Section        0  stm32f0xx_hal_dma.o(i.HAL_DMA_IRQHandler)
    i.HAL_DMA_Init                           0x08001190   Section        0  stm32f0xx_hal_dma.o(i.HAL_DMA_Init)
    i.HAL_DMA_Start_IT                       0x080011e8   Section        0  stm32f0xx_hal_dma.o(i.HAL_DMA_Start_IT)
    i.HAL_Delay                              0x08001252   Section        0  stm32f0xx_hal.o(i.HAL_Delay)
    i.HAL_GPIO_Init                          0x08001270   Section        0  stm32f0xx_hal_gpio.o(i.HAL_GPIO_Init)
    i.HAL_GetTick                            0x080013ac   Section        0  stm32f0xx_hal.o(i.HAL_GetTick)
    i.HAL_IncTick                            0x080013b8   Section        0  stm32f0xx_hal.o(i.HAL_IncTick)
    i.HAL_Init                               0x080013c8   Section        0  stm32f0xx_hal.o(i.HAL_Init)
    i.HAL_InitTick                           0x080013e8   Section        0  stm32f0xx_hal.o(i.HAL_InitTick)
    i.HAL_MspInit                            0x0800140c   Section        0  stm32f0xx_hal_msp.o(i.HAL_MspInit)
    i.HAL_NVIC_EnableIRQ                     0x08001450   Section        0  stm32f0xx_hal_cortex.o(i.HAL_NVIC_EnableIRQ)
    i.HAL_NVIC_SetPriority                   0x08001464   Section        0  stm32f0xx_hal_cortex.o(i.HAL_NVIC_SetPriority)
    i.HAL_PCDEx_PMAConfig                    0x0800146c   Section        0  stm32f0xx_hal_pcd_ex.o(i.HAL_PCDEx_PMAConfig)
    i.HAL_PCD_DataInStageCallback            0x080014a6   Section        0  usbd_conf.o(i.HAL_PCD_DataInStageCallback)
    i.HAL_PCD_DataOutStageCallback           0x080014be   Section        0  usbd_conf.o(i.HAL_PCD_DataOutStageCallback)
    i.HAL_PCD_EP_Close                       0x080014dc   Section        0  stm32f0xx_hal_pcd.o(i.HAL_PCD_EP_Close)
    i.HAL_PCD_EP_ClrStall                    0x08001644   Section        0  stm32f0xx_hal_pcd.o(i.HAL_PCD_EP_ClrStall)
    i.HAL_PCD_EP_GetRxCount                  0x080016f8   Section        0  stm32f0xx_hal_pcd.o(i.HAL_PCD_EP_GetRxCount)
    i.HAL_PCD_EP_Open                        0x0800170c   Section        0  stm32f0xx_hal_pcd.o(i.HAL_PCD_EP_Open)
    i.HAL_PCD_EP_Receive                     0x080019b0   Section        0  stm32f0xx_hal_pcd.o(i.HAL_PCD_EP_Receive)
    i.HAL_PCD_EP_SetStall                    0x08001ab0   Section        0  stm32f0xx_hal_pcd.o(i.HAL_PCD_EP_SetStall)
    i.HAL_PCD_EP_Transmit                    0x08001b44   Section        0  stm32f0xx_hal_pcd.o(i.HAL_PCD_EP_Transmit)
    i.HAL_PCD_IRQHandler                     0x08001c34   Section        0  stm32f0xx_hal_pcd.o(i.HAL_PCD_IRQHandler)
    i.HAL_PCD_Init                           0x08001d40   Section        0  stm32f0xx_hal_pcd.o(i.HAL_PCD_Init)
    i.HAL_PCD_MspInit                        0x08001ddc   Section        0  usbd_conf.o(i.HAL_PCD_MspInit)
    i.HAL_PCD_ResetCallback                  0x08001e14   Section        0  usbd_conf.o(i.HAL_PCD_ResetCallback)
    i.HAL_PCD_ResumeCallback                 0x08001e2c   Section        0  usbd_conf.o(i.HAL_PCD_ResumeCallback)
    i.HAL_PCD_SOFCallback                    0x08001e58   Section        0  usbd_conf.o(i.HAL_PCD_SOFCallback)
    i.HAL_PCD_SetAddress                     0x08001e68   Section        0  stm32f0xx_hal_pcd.o(i.HAL_PCD_SetAddress)
    i.HAL_PCD_SetupStageCallback             0x08001e94   Section        0  usbd_conf.o(i.HAL_PCD_SetupStageCallback)
    i.HAL_PCD_Start                          0x08001eaa   Section        0  stm32f0xx_hal_pcd.o(i.HAL_PCD_Start)
    i.HAL_PCD_SuspendCallback                0x08001ebc   Section        0  usbd_conf.o(i.HAL_PCD_SuspendCallback)
    i.HAL_RCCEx_CRSConfig                    0x08001ee4   Section        0  stm32f0xx_hal_rcc_ex.o(i.HAL_RCCEx_CRSConfig)
    i.HAL_RCCEx_PeriphCLKConfig              0x08001f2c   Section        0  stm32f0xx_hal_rcc_ex.o(i.HAL_RCCEx_PeriphCLKConfig)
    i.HAL_RCC_ClockConfig                    0x08002038   Section        0  stm32f0xx_hal_rcc.o(i.HAL_RCC_ClockConfig)
    i.HAL_RCC_GetHCLKFreq                    0x0800218c   Section        0  stm32f0xx_hal_rcc.o(i.HAL_RCC_GetHCLKFreq)
    i.HAL_RCC_GetPCLK1Freq                   0x08002198   Section        0  stm32f0xx_hal_rcc.o(i.HAL_RCC_GetPCLK1Freq)
    i.HAL_RCC_GetSysClockFreq                0x080021b8   Section        0  stm32f0xx_hal_rcc.o(i.HAL_RCC_GetSysClockFreq)
    i.HAL_RCC_OscConfig                      0x08002240   Section        0  stm32f0xx_hal_rcc.o(i.HAL_RCC_OscConfig)
    i.HAL_SYSTICK_CLKSourceConfig            0x08002618   Section        0  stm32f0xx_hal_cortex.o(i.HAL_SYSTICK_CLKSourceConfig)
    i.HAL_SYSTICK_Callback                   0x08002630   Section        0  stm32f0xx_hal_cortex.o(i.HAL_SYSTICK_Callback)
    i.HAL_SYSTICK_Config                     0x08002634   Section        0  stm32f0xx_hal_cortex.o(i.HAL_SYSTICK_Config)
    i.HAL_SYSTICK_IRQHandler                 0x08002664   Section        0  stm32f0xx_hal_cortex.o(i.HAL_SYSTICK_IRQHandler)
    i.HAL_TIMEx_ConfigBreakDeadTime          0x0800266c   Section        0  stm32f0xx_hal_tim_ex.o(i.HAL_TIMEx_ConfigBreakDeadTime)
    i.HAL_TIMEx_MasterConfigSynchronization  0x080026cc   Section        0  stm32f0xx_hal_tim_ex.o(i.HAL_TIMEx_MasterConfigSynchronization)
    i.HAL_TIM_Base_Init                      0x08002714   Section        0  stm32f0xx_hal_tim.o(i.HAL_TIM_Base_Init)
    i.HAL_TIM_Base_MspInit                   0x08002748   Section        0  stm32f0xx_hal_msp.o(i.HAL_TIM_Base_MspInit)
    i.HAL_TIM_Base_Start                     0x080027c8   Section        0  stm32f0xx_hal_tim.o(i.HAL_TIM_Base_Start)
    i.HAL_TIM_ConfigClockSource              0x080027e0   Section        0  stm32f0xx_hal_tim.o(i.HAL_TIM_ConfigClockSource)
    i.HAL_TIM_IC_ConfigChannel               0x080028ce   Section        0  stm32f0xx_hal_tim.o(i.HAL_TIM_IC_ConfigChannel)
    i.HAL_TIM_IC_Init                        0x080029ee   Section        0  stm32f0xx_hal_tim.o(i.HAL_TIM_IC_Init)
    i.HAL_TIM_IC_MspInit                     0x08002a22   Section        0  stm32f0xx_hal_tim.o(i.HAL_TIM_IC_MspInit)
    i.HAL_TIM_IC_Start                       0x08002a24   Section        0  stm32f0xx_hal_tim.o(i.HAL_TIM_IC_Start)
    i.HAL_TIM_MspPostInit                    0x08002a40   Section        0  stm32f0xx_hal_msp.o(i.HAL_TIM_MspPostInit)
    i.HAL_TIM_OC_ConfigChannel               0x08002a70   Section        0  stm32f0xx_hal_tim.o(i.HAL_TIM_OC_ConfigChannel)
    i.HAL_TIM_OC_Init                        0x08002ac0   Section        0  stm32f0xx_hal_tim.o(i.HAL_TIM_OC_Init)
    i.HAL_TIM_OC_MspInit                     0x08002af4   Section        0  stm32f0xx_hal_tim.o(i.HAL_TIM_OC_MspInit)
    i.HAL_TIM_OC_Start                       0x08002af8   Section        0  stm32f0xx_hal_tim.o(i.HAL_TIM_OC_Start)
    i.HAL_TIM_PWM_ConfigChannel              0x08002b3c   Section        0  stm32f0xx_hal_tim.o(i.HAL_TIM_PWM_ConfigChannel)
    i.HAL_TIM_PWM_Init                       0x08002c0c   Section        0  stm32f0xx_hal_tim.o(i.HAL_TIM_PWM_Init)
    i.HAL_TIM_PWM_MspInit                    0x08002c40   Section        0  stm32f0xx_hal_tim.o(i.HAL_TIM_PWM_MspInit)
    i.HAL_TIM_PWM_Start                      0x08002c44   Section        0  stm32f0xx_hal_tim.o(i.HAL_TIM_PWM_Start)
    i.HAL_TIM_SlaveConfigSynchronization     0x08002c88   Section        0  stm32f0xx_hal_tim.o(i.HAL_TIM_SlaveConfigSynchronization)
    i.HardFault_Handler                      0x08002cc4   Section        0  stm32f0xx_it.o(i.HardFault_Handler)
    i.MX_ADC_Init                            0x08002cc8   Section        0  main.o(i.MX_ADC_Init)
    MX_ADC_Init                              0x08002cc9   Thumb Code   120  main.o(i.MX_ADC_Init)
    i.MX_TIM14_Init                          0x08002d48   Section        0  main.o(i.MX_TIM14_Init)
    MX_TIM14_Init                            0x08002d49   Thumb Code    88  main.o(i.MX_TIM14_Init)
    i.MX_TIM1_Init                           0x08002dac   Section        0  main.o(i.MX_TIM1_Init)
    MX_TIM1_Init                             0x08002dad   Thumb Code   154  main.o(i.MX_TIM1_Init)
    i.MX_TIM2_Init                           0x08002e58   Section        0  main.o(i.MX_TIM2_Init)
    MX_TIM2_Init                             0x08002e59   Thumb Code   142  main.o(i.MX_TIM2_Init)
    i.MX_TIM3_Init                           0x08002eec   Section        0  main.o(i.MX_TIM3_Init)
    MX_TIM3_Init                             0x08002eed   Thumb Code   114  main.o(i.MX_TIM3_Init)
    i.MX_USB_DEVICE_Init                     0x08002f6c   Section        0  usb_device.o(i.MX_USB_DEVICE_Init)
    i.NMI_Handler                            0x08002fa0   Section        0  stm32f0xx_it.o(i.NMI_Handler)
    i.NVIC_SetPriority                       0x08002fa4   Section        0  stm32f0xx_hal_cortex.o(i.NVIC_SetPriority)
    NVIC_SetPriority                         0x08002fa5   Thumb Code    60  stm32f0xx_hal_cortex.o(i.NVIC_SetPriority)
    i.PCD_EP_ISR_Handler                     0x08002fe8   Section        0  stm32f0xx_hal_pcd.o(i.PCD_EP_ISR_Handler)
    PCD_EP_ISR_Handler                       0x08002fe9   Thumb Code   802  stm32f0xx_hal_pcd.o(i.PCD_EP_ISR_Handler)
    i.PCD_ReadPMA                            0x08003320   Section        0  stm32f0xx_hal_pcd.o(i.PCD_ReadPMA)
    i.PCD_WritePMA                           0x0800334a   Section        0  stm32f0xx_hal_pcd.o(i.PCD_WritePMA)
    i.SysTick_Handler                        0x08003370   Section        0  stm32f0xx_it.o(i.SysTick_Handler)
    i.SystemClock_Config                     0x0800337c   Section        0  main.o(i.SystemClock_Config)
    i.SystemInit                             0x08003420   Section        0  system_stm32f0xx.o(i.SystemInit)
    i.TIM_Base_SetConfig                     0x0800347c   Section        0  stm32f0xx_hal_tim.o(i.TIM_Base_SetConfig)
    i.TIM_CCxChannelCmd                      0x08003500   Section        0  stm32f0xx_hal_tim.o(i.TIM_CCxChannelCmd)
    i.TIM_ETR_SetConfig                      0x08003516   Section        0  stm32f0xx_hal_tim.o(i.TIM_ETR_SetConfig)
    i.TIM_ITRx_SetConfig                     0x0800352c   Section        0  stm32f0xx_hal_tim.o(i.TIM_ITRx_SetConfig)
    TIM_ITRx_SetConfig                       0x0800352d   Thumb Code    16  stm32f0xx_hal_tim.o(i.TIM_ITRx_SetConfig)
    i.TIM_OC1_SetConfig                      0x0800353c   Section        0  stm32f0xx_hal_tim.o(i.TIM_OC1_SetConfig)
    TIM_OC1_SetConfig                        0x0800353d   Thumb Code   108  stm32f0xx_hal_tim.o(i.TIM_OC1_SetConfig)
    i.TIM_OC2_SetConfig                      0x080035b4   Section        0  stm32f0xx_hal_tim.o(i.TIM_OC2_SetConfig)
    i.TIM_OC3_SetConfig                      0x08003628   Section        0  stm32f0xx_hal_tim.o(i.TIM_OC3_SetConfig)
    TIM_OC3_SetConfig                        0x08003629   Thumb Code   106  stm32f0xx_hal_tim.o(i.TIM_OC3_SetConfig)
    i.TIM_OC4_SetConfig                      0x080036a0   Section        0  stm32f0xx_hal_tim.o(i.TIM_OC4_SetConfig)
    TIM_OC4_SetConfig                        0x080036a1   Thumb Code    84  stm32f0xx_hal_tim.o(i.TIM_OC4_SetConfig)
    i.TIM_SlaveTimer_SetConfig               0x08003700   Section        0  stm32f0xx_hal_tim.o(i.TIM_SlaveTimer_SetConfig)
    TIM_SlaveTimer_SetConfig                 0x08003701   Thumb Code   122  stm32f0xx_hal_tim.o(i.TIM_SlaveTimer_SetConfig)
    i.TIM_TI1_ConfigInputStage               0x0800377a   Section        0  stm32f0xx_hal_tim.o(i.TIM_TI1_ConfigInputStage)
    TIM_TI1_ConfigInputStage                 0x0800377b   Thumb Code    34  stm32f0xx_hal_tim.o(i.TIM_TI1_ConfigInputStage)
    i.TIM_TI1_SetConfig                      0x0800379c   Section        0  stm32f0xx_hal_tim.o(i.TIM_TI1_SetConfig)
    i.TIM_TI2_ConfigInputStage               0x080037e8   Section        0  stm32f0xx_hal_tim.o(i.TIM_TI2_ConfigInputStage)
    TIM_TI2_ConfigInputStage                 0x080037e9   Thumb Code    38  stm32f0xx_hal_tim.o(i.TIM_TI2_ConfigInputStage)
    i.TIM_TI2_SetConfig                      0x0800380e   Section        0  stm32f0xx_hal_tim.o(i.TIM_TI2_SetConfig)
    TIM_TI2_SetConfig                        0x0800380f   Thumb Code    52  stm32f0xx_hal_tim.o(i.TIM_TI2_SetConfig)
    i.USBD_CDC_DataIn                        0x08003842   Section        0  usbd_cdc.o(i.USBD_CDC_DataIn)
    USBD_CDC_DataIn                          0x08003843   Thumb Code    30  usbd_cdc.o(i.USBD_CDC_DataIn)
    i.USBD_CDC_DataOut                       0x08003860   Section        0  usbd_cdc.o(i.USBD_CDC_DataOut)
    USBD_CDC_DataOut                         0x08003861   Thumb Code    52  usbd_cdc.o(i.USBD_CDC_DataOut)
    i.USBD_CDC_DeInit                        0x08003894   Section        0  usbd_cdc.o(i.USBD_CDC_DeInit)
    USBD_CDC_DeInit                          0x08003895   Thumb Code    60  usbd_cdc.o(i.USBD_CDC_DeInit)
    i.USBD_CDC_EP0_RxReady                   0x080038d0   Section        0  usbd_cdc.o(i.USBD_CDC_EP0_RxReady)
    USBD_CDC_EP0_RxReady                     0x080038d1   Thumb Code    40  usbd_cdc.o(i.USBD_CDC_EP0_RxReady)
    i.USBD_CDC_GetDeviceQualifierDescriptor  0x080038f8   Section        0  usbd_cdc.o(i.USBD_CDC_GetDeviceQualifierDescriptor)
    i.USBD_CDC_GetFSCfgDesc                  0x08003904   Section        0  usbd_cdc.o(i.USBD_CDC_GetFSCfgDesc)
    USBD_CDC_GetFSCfgDesc                    0x08003905   Thumb Code     8  usbd_cdc.o(i.USBD_CDC_GetFSCfgDesc)
    i.USBD_CDC_GetHSCfgDesc                  0x08003910   Section        0  usbd_cdc.o(i.USBD_CDC_GetHSCfgDesc)
    USBD_CDC_GetHSCfgDesc                    0x08003911   Thumb Code     8  usbd_cdc.o(i.USBD_CDC_GetHSCfgDesc)
    i.USBD_CDC_GetOtherSpeedCfgDesc          0x0800391c   Section        0  usbd_cdc.o(i.USBD_CDC_GetOtherSpeedCfgDesc)
    USBD_CDC_GetOtherSpeedCfgDesc            0x0800391d   Thumb Code     8  usbd_cdc.o(i.USBD_CDC_GetOtherSpeedCfgDesc)
    i.USBD_CDC_Init                          0x08003928   Section        0  usbd_cdc.o(i.USBD_CDC_Init)
    USBD_CDC_Init                            0x08003929   Thumb Code   138  usbd_cdc.o(i.USBD_CDC_Init)
    i.USBD_CDC_ReceivePacket                 0x080039b2   Section        0  usbd_cdc.o(i.USBD_CDC_ReceivePacket)
    i.USBD_CDC_RegisterInterface             0x080039ea   Section        0  usbd_cdc.o(i.USBD_CDC_RegisterInterface)
    i.USBD_CDC_SetRxBuffer                   0x080039fe   Section        0  usbd_cdc.o(i.USBD_CDC_SetRxBuffer)
    i.USBD_CDC_SetTxBuffer                   0x08003a12   Section        0  usbd_cdc.o(i.USBD_CDC_SetTxBuffer)
    i.USBD_CDC_Setup                         0x08003a28   Section        0  usbd_cdc.o(i.USBD_CDC_Setup)
    USBD_CDC_Setup                           0x08003a29   Thumb Code   112  usbd_cdc.o(i.USBD_CDC_Setup)
    i.USBD_CDC_TransmitPacket                0x08003a9c   Section        0  usbd_cdc.o(i.USBD_CDC_TransmitPacket)
    i.USBD_ClrClassConfig                    0x08003ad0   Section        0  usbd_core.o(i.USBD_ClrClassConfig)
    i.USBD_CtlContinueRx                     0x08003ae0   Section        0  usbd_ioreq.o(i.USBD_CtlContinueRx)
    i.USBD_CtlContinueSendData               0x08003af0   Section        0  usbd_ioreq.o(i.USBD_CtlContinueSendData)
    i.USBD_CtlError                          0x08003b00   Section        0  usbd_ctlreq.o(i.USBD_CtlError)
    i.USBD_CtlPrepareRx                      0x08003b14   Section        0  usbd_ioreq.o(i.USBD_CtlPrepareRx)
    i.USBD_CtlReceiveStatus                  0x08003b34   Section        0  usbd_ioreq.o(i.USBD_CtlReceiveStatus)
    i.USBD_CtlSendData                       0x08003b4c   Section        0  usbd_ioreq.o(i.USBD_CtlSendData)
    i.USBD_CtlSendStatus                     0x08003b68   Section        0  usbd_ioreq.o(i.USBD_CtlSendStatus)
    i.USBD_FS_ConfigStrDescriptor            0x08003b80   Section        0  usbd_desc.o(i.USBD_FS_ConfigStrDescriptor)
    i.USBD_FS_DeviceDescriptor               0x08003ba0   Section        0  usbd_desc.o(i.USBD_FS_DeviceDescriptor)
    i.USBD_FS_InterfaceStrDescriptor         0x08003bac   Section        0  usbd_desc.o(i.USBD_FS_InterfaceStrDescriptor)
    i.USBD_FS_LangIDStrDescriptor            0x08003bd0   Section        0  usbd_desc.o(i.USBD_FS_LangIDStrDescriptor)
    i.USBD_FS_ManufacturerStrDescriptor      0x08003bdc   Section        0  usbd_desc.o(i.USBD_FS_ManufacturerStrDescriptor)
    i.USBD_FS_ProductStrDescriptor           0x08003c04   Section        0  usbd_desc.o(i.USBD_FS_ProductStrDescriptor)
    i.USBD_FS_SerialStrDescriptor            0x08003c30   Section        0  usbd_desc.o(i.USBD_FS_SerialStrDescriptor)
    i.USBD_GetDescriptor                     0x08003c54   Section        0  usbd_ctlreq.o(i.USBD_GetDescriptor)
    USBD_GetDescriptor                       0x08003c55   Thumb Code   224  usbd_ctlreq.o(i.USBD_GetDescriptor)
    i.USBD_GetString                         0x08003d34   Section        0  usbd_ctlreq.o(i.USBD_GetString)
    i.USBD_Init                              0x08003d78   Section        0  usbd_core.o(i.USBD_Init)
    i.USBD_LL_ClearStallEP                   0x08003daa   Section        0  usbd_conf.o(i.USBD_LL_ClearStallEP)
    i.USBD_LL_CloseEP                        0x08003dd0   Section        0  usbd_conf.o(i.USBD_LL_CloseEP)
    i.USBD_LL_DataInStage                    0x08003df6   Section        0  usbd_core.o(i.USBD_LL_DataInStage)
    i.USBD_LL_DataOutStage                   0x08003eac   Section        0  usbd_core.o(i.USBD_LL_DataOutStage)
    i.USBD_LL_GetRxDataSize                  0x08003f20   Section        0  usbd_conf.o(i.USBD_LL_GetRxDataSize)
    i.USBD_LL_Init                           0x08003f30   Section        0  usbd_conf.o(i.USBD_LL_Init)
    i.USBD_LL_IsStallEP                      0x08003fd4   Section        0  usbd_conf.o(i.USBD_LL_IsStallEP)
    i.USBD_LL_OpenEP                         0x08003ff8   Section        0  usbd_conf.o(i.USBD_LL_OpenEP)
    i.USBD_LL_PrepareReceive                 0x08004024   Section        0  usbd_conf.o(i.USBD_LL_PrepareReceive)
    i.USBD_LL_Reset                          0x0800404a   Section        0  usbd_core.o(i.USBD_LL_Reset)
    i.USBD_LL_Resume                         0x08004090   Section        0  usbd_core.o(i.USBD_LL_Resume)
    i.USBD_LL_SOF                            0x0800409c   Section        0  usbd_core.o(i.USBD_LL_SOF)
    i.USBD_LL_SetSpeed                       0x080040ba   Section        0  usbd_core.o(i.USBD_LL_SetSpeed)
    i.USBD_LL_SetUSBAddress                  0x080040c0   Section        0  usbd_conf.o(i.USBD_LL_SetUSBAddress)
    i.USBD_LL_SetupStage                     0x080040e6   Section        0  usbd_core.o(i.USBD_LL_SetupStage)
    i.USBD_LL_StallEP                        0x08004144   Section        0  usbd_conf.o(i.USBD_LL_StallEP)
    i.USBD_LL_Start                          0x0800416a   Section        0  usbd_conf.o(i.USBD_LL_Start)
    i.USBD_LL_Suspend                        0x08004190   Section        0  usbd_core.o(i.USBD_LL_Suspend)
    i.USBD_LL_Transmit                       0x080041a0   Section        0  usbd_conf.o(i.USBD_LL_Transmit)
    i.USBD_ParseSetupRequest                 0x080041c6   Section        0  usbd_ctlreq.o(i.USBD_ParseSetupRequest)
    i.USBD_RegisterClass                     0x080041ee   Section        0  usbd_core.o(i.USBD_RegisterClass)
    i.USBD_SetClassConfig                    0x08004204   Section        0  usbd_core.o(i.USBD_SetClassConfig)
    i.USBD_SetConfig                         0x08004220   Section        0  usbd_ctlreq.o(i.USBD_SetConfig)
    USBD_SetConfig                           0x08004221   Thumb Code   108  usbd_ctlreq.o(i.USBD_SetConfig)
    i.USBD_Start                             0x08004290   Section        0  usbd_core.o(i.USBD_Start)
    i.USBD_StdDevReq                         0x0800429a   Section        0  usbd_ctlreq.o(i.USBD_StdDevReq)
    i.USBD_StdEPReq                          0x08004386   Section        0  usbd_ctlreq.o(i.USBD_StdEPReq)
    i.USBD_StdItfReq                         0x08004470   Section        0  usbd_ctlreq.o(i.USBD_StdItfReq)
    i.USBD_static_free                       0x080044aa   Section        0  usbd_conf.o(i.USBD_static_free)
    i.USBD_static_malloc                     0x080044ac   Section        0  usbd_conf.o(i.USBD_static_malloc)
    i.USB_IRQHandler                         0x080044b4   Section        0  stm32f0xx_it.o(i.USB_IRQHandler)
    i._Error_Handler                         0x080044c4   Section        0  main.o(i._Error_Handler)
    i.__0snprintf                            0x080044c8   Section        0  printfa.o(i.__0snprintf)
    i.__0sprintf                             0x080044fc   Section        0  printfa.o(i.__0sprintf)
    i.__ARM_clz                              0x08004524   Section        0  depilogue.o(i.__ARM_clz)
    i.__ARM_common_switch8                   0x08004552   Section        0  stm32f0xx_hal_dma.o(i.__ARM_common_switch8)
    i.__scatterload_copy                     0x0800456c   Section       14  handlers.o(i.__scatterload_copy)
    i.__scatterload_null                     0x0800457a   Section        2  handlers.o(i.__scatterload_null)
    i.__scatterload_zeroinit                 0x0800457c   Section       14  handlers.o(i.__scatterload_zeroinit)
    i._fp_digits                             0x0800458c   Section        0  printfa.o(i._fp_digits)
    _fp_digits                               0x0800458d   Thumb Code   344  printfa.o(i._fp_digits)
    i._printf_core                           0x08004700   Section        0  printfa.o(i._printf_core)
    _printf_core                             0x08004701   Thumb Code  1754  printfa.o(i._printf_core)
    i._printf_post_padding                   0x08004dec   Section        0  printfa.o(i._printf_post_padding)
    _printf_post_padding                     0x08004ded   Thumb Code    32  printfa.o(i._printf_post_padding)
    i._printf_pre_padding                    0x08004e0c   Section        0  printfa.o(i._printf_pre_padding)
    _printf_pre_padding                      0x08004e0d   Thumb Code    44  printfa.o(i._printf_pre_padding)
    i._snputc                                0x08004e38   Section        0  printfa.o(i._snputc)
    _snputc                                  0x08004e39   Thumb Code    22  printfa.o(i._snputc)
    i._sputc                                 0x08004e4e   Section        0  printfa.o(i._sputc)
    _sputc                                   0x08004e4f   Thumb Code    10  printfa.o(i._sputc)
    i.main                                   0x08004e58   Section        0  main.o(i.main)
    i.receive_command                        0x08005050   Section        0  main.o(i.receive_command)
    i.show_help                              0x080052b0   Section        0  main.o(i.show_help)
    .constdata                               0x080052d0   Section       16  system_stm32f0xx.o(.constdata)
    .constdata                               0x080052e0   Section        8  system_stm32f0xx.o(.constdata)
    .conststring                             0x080052e8   Section      311  main.o(.conststring)
    .data                                    0x20000000   Section        4  system_stm32f0xx.o(.data)
    .data                                    0x20000004   Section        4  stm32f0xx_hal.o(.data)
    .data                                    0x20000008   Section       16  usbd_cdc_if.o(.data)
    .data                                    0x20000018   Section       12  usbd_cdc_if.o(.data)
    .data                                    0x20000024   Section       28  usbd_desc.o(.data)
    .data                                    0x20000040   Section       22  usbd_desc.o(.data)
    .data                                    0x20000056   Section        1  usbd_ctlreq.o(.data)
    cfgidx                                   0x20000056   Data           1  usbd_ctlreq.o(.data)
    .data                                    0x20000058   Section      219  usbd_cdc.o(.data)
    ifalt                                    0x20000058   Data           1  usbd_cdc.o(.data)
    USBD_CDC_DeviceQualifierDesc             0x2000005c   Data          10  usbd_cdc.o(.data)
    .data                                    0x20000134   Section       56  usbd_cdc.o(.data)
    .bss                                     0x2000016c   Section      632  main.o(.bss)
    .bss                                     0x200003e4   Section       68  main.o(.bss)
    .bss                                     0x20000428   Section      548  usb_device.o(.bss)
    .bss                                     0x2000064c   Section     1088  usbd_conf.o(.bss)
    mem                                      0x2000064c   Data         544  usbd_conf.o(.bss)
    .bss                                     0x20000a8c   Section      512  usbd_desc.o(.bss)
    STACK                                    0x20000c90   Section     1024  startup_stm32f042x6.o(STACK)

    Global Symbols

    Symbol Name                              Value     Ov Type        Size  Object(Section)

    BuildAttributes$$THM_ISAv3M$S$PE$A:L22$X:L11$S22$IEEE1$IW$USESV6$~STKCKD$USESV7$~SHL$OTIME$ROPI$EBA8$MICROLIB$REQ8$PRES8$EABIv2 0x00000000   Number         0  anon$$obj.o ABSOLUTE
    __ARM_use_no_argv                        0x00000000   Number         0  main.o ABSOLUTE
    _printf_a                                0x00000000   Number         0  stubs.o ABSOLUTE
    _printf_c                                0x00000000   Number         0  stubs.o ABSOLUTE
    _printf_charcount                        0x00000000   Number         0  stubs.o ABSOLUTE
    _printf_d                                0x00000000   Number         0  stubs.o ABSOLUTE
    _printf_e                                0x00000000   Number         0  stubs.o ABSOLUTE
    _printf_f                                0x00000000   Number         0  stubs.o ABSOLUTE
    _printf_flags                            0x00000000   Number         0  stubs.o ABSOLUTE
    _printf_fp_dec                           0x00000000   Number         0  stubs.o ABSOLUTE
    _printf_fp_hex                           0x00000000   Number         0  stubs.o ABSOLUTE
    _printf_g                                0x00000000   Number         0  stubs.o ABSOLUTE
    _printf_i                                0x00000000   Number         0  stubs.o ABSOLUTE
    _printf_int_dec                          0x00000000   Number         0  stubs.o ABSOLUTE
    _printf_l                                0x00000000   Number         0  stubs.o ABSOLUTE
    _printf_lc                               0x00000000   Number         0  stubs.o ABSOLUTE
    _printf_ll                               0x00000000   Number         0  stubs.o ABSOLUTE
    _printf_lld                              0x00000000   Number         0  stubs.o ABSOLUTE
    _printf_lli                              0x00000000   Number         0  stubs.o ABSOLUTE
    _printf_llo                              0x00000000   Number         0  stubs.o ABSOLUTE
    _printf_llu                              0x00000000   Number         0  stubs.o ABSOLUTE
    _printf_llx                              0x00000000   Number         0  stubs.o ABSOLUTE
    _printf_longlong_dec                     0x00000000   Number         0  stubs.o ABSOLUTE
    _printf_longlong_hex                     0x00000000   Number         0  stubs.o ABSOLUTE
    _printf_longlong_oct                     0x00000000   Number         0  stubs.o ABSOLUTE
    _printf_ls                               0x00000000   Number         0  stubs.o ABSOLUTE
    _printf_mbtowc                           0x00000000   Number         0  stubs.o ABSOLUTE
    _printf_n                                0x00000000   Number         0  stubs.o ABSOLUTE
    _printf_o                                0x00000000   Number         0  stubs.o ABSOLUTE
    _printf_p                                0x00000000   Number         0  stubs.o ABSOLUTE
    _printf_percent                          0x00000000   Number         0  stubs.o ABSOLUTE
    _printf_pre_padding                      0x00000000   Number         0  stubs.o ABSOLUTE
    _printf_return_value                     0x00000000   Number         0  stubs.o ABSOLUTE
    _printf_s                                0x00000000   Number         0  stubs.o ABSOLUTE
    _printf_sizespec                         0x00000000   Number         0  stubs.o ABSOLUTE
    _printf_str                              0x00000000   Number         0  stubs.o ABSOLUTE
    _printf_truncate_signed                  0x00000000   Number         0  stubs.o ABSOLUTE
    _printf_truncate_unsigned                0x00000000   Number         0  stubs.o ABSOLUTE
    _printf_u                                0x00000000   Number         0  stubs.o ABSOLUTE
    _printf_wc                               0x00000000   Number         0  stubs.o ABSOLUTE
    _printf_wctomb                           0x00000000   Number         0  stubs.o ABSOLUTE
    _printf_widthprec                        0x00000000   Number         0  stubs.o ABSOLUTE
    _printf_x                                0x00000000   Number         0  stubs.o ABSOLUTE
    __cpp_initialize__aeabi_                  - Undefined Weak Reference
    __cxa_finalize                            - Undefined Weak Reference
    _clock_init                               - Undefined Weak Reference
    _microlib_exit                            - Undefined Weak Reference
    __Vectors_Size                           0x000000c0   Number         0  startup_stm32f042x6.o ABSOLUTE
    __Vectors                                0x08000000   Data           4  startup_stm32f042x6.o(RESET)
    __Vectors_End                            0x080000c0   Data           0  startup_stm32f042x6.o(RESET)
    __main                                   0x080000c1   Thumb Code     0  entry.o(.ARM.Collect$$$$00000000)
    _main_stk                                0x080000c1   Thumb Code     0  entry2.o(.ARM.Collect$$$$00000001)
    _main_scatterload                        0x080000c5   Thumb Code     0  entry5.o(.ARM.Collect$$$$00000004)
    __main_after_scatterload                 0x080000c9   Thumb Code     0  entry5.o(.ARM.Collect$$$$00000004)
    _main_clock                              0x080000c9   Thumb Code     0  entry7b.o(.ARM.Collect$$$$00000008)
    _main_cpp_init                           0x080000c9   Thumb Code     0  entry8b.o(.ARM.Collect$$$$0000000A)
    _main_init                               0x080000c9   Thumb Code     0  entry9a.o(.ARM.Collect$$$$0000000B)
    __rt_final_cpp                           0x080000d1   Thumb Code     0  entry10a.o(.ARM.Collect$$$$0000000D)
    __rt_final_exit                          0x080000d1   Thumb Code     0  entry11a.o(.ARM.Collect$$$$0000000F)
    Reset_Handler                            0x080000d5   Thumb Code    38  startup_stm32f042x6.o(.text)
    SVC_Handler                              0x080000ff   Thumb Code     2  startup_stm32f042x6.o(.text)
    PendSV_Handler                           0x08000101   Thumb Code     2  startup_stm32f042x6.o(.text)
    ADC1_IRQHandler                          0x08000105   Thumb Code     0  startup_stm32f042x6.o(.text)
    CEC_CAN_IRQHandler                       0x08000105   Thumb Code     0  startup_stm32f042x6.o(.text)
    DMA1_Channel2_3_IRQHandler               0x08000105   Thumb Code     0  startup_stm32f042x6.o(.text)
    DMA1_Channel4_5_IRQHandler               0x08000105   Thumb Code     0  startup_stm32f042x6.o(.text)
    EXTI0_1_IRQHandler                       0x08000105   Thumb Code     0  startup_stm32f042x6.o(.text)
    EXTI2_3_IRQHandler                       0x08000105   Thumb Code     0  startup_stm32f042x6.o(.text)
    EXTI4_15_IRQHandler                      0x08000105   Thumb Code     0  startup_stm32f042x6.o(.text)
    FLASH_IRQHandler                         0x08000105   Thumb Code     0  startup_stm32f042x6.o(.text)
    I2C1_IRQHandler                          0x08000105   Thumb Code     0  startup_stm32f042x6.o(.text)
    PVD_VDDIO2_IRQHandler                    0x08000105   Thumb Code     0  startup_stm32f042x6.o(.text)
    RCC_CRS_IRQHandler                       0x08000105   Thumb Code     0  startup_stm32f042x6.o(.text)
    RTC_IRQHandler                           0x08000105   Thumb Code     0  startup_stm32f042x6.o(.text)
    SPI1_IRQHandler                          0x08000105   Thumb Code     0  startup_stm32f042x6.o(.text)
    SPI2_IRQHandler                          0x08000105   Thumb Code     0  startup_stm32f042x6.o(.text)
    TIM14_IRQHandler                         0x08000105   Thumb Code     0  startup_stm32f042x6.o(.text)
    TIM16_IRQHandler                         0x08000105   Thumb Code     0  startup_stm32f042x6.o(.text)
    TIM17_IRQHandler                         0x08000105   Thumb Code     0  startup_stm32f042x6.o(.text)
    TIM1_BRK_UP_TRG_COM_IRQHandler           0x08000105   Thumb Code     0  startup_stm32f042x6.o(.text)
    TIM1_CC_IRQHandler                       0x08000105   Thumb Code     0  startup_stm32f042x6.o(.text)
    TIM2_IRQHandler                          0x08000105   Thumb Code     0  startup_stm32f042x6.o(.text)
    TIM3_IRQHandler                          0x08000105   Thumb Code     0  startup_stm32f042x6.o(.text)
    TSC_IRQHandler                           0x08000105   Thumb Code     0  startup_stm32f042x6.o(.text)
    USART1_IRQHandler                        0x08000105   Thumb Code     0  startup_stm32f042x6.o(.text)
    USART2_IRQHandler                        0x08000105   Thumb Code     0  startup_stm32f042x6.o(.text)
    WWDG_IRQHandler                          0x08000105   Thumb Code     0  startup_stm32f042x6.o(.text)
    __aeabi_uidiv                            0x0800012d   Thumb Code     0  uidiv.o(.text)
    __aeabi_uidivmod                         0x0800012d   Thumb Code    44  uidiv.o(.text)
    __aeabi_llsr                             0x08000159   Thumb Code    34  llushr.o(.text)
    _ll_ushift_r                             0x08000159   Thumb Code     0  llushr.o(.text)
    strlen                                   0x0800017b   Thumb Code    14  strlen.o(.text)
    __aeabi_fadd                             0x08000189   Thumb Code   162  fadd.o(.text)
    __aeabi_fsub                             0x0800022b   Thumb Code     8  fadd.o(.text)
    __aeabi_frsub                            0x08000233   Thumb Code     8  fadd.o(.text)
    __aeabi_fmul                             0x0800023b   Thumb Code   122  fmul.o(.text)
    __aeabi_fdiv                             0x080002b5   Thumb Code   124  fdiv.o(.text)
    __aeabi_ui2f                             0x08000331   Thumb Code    14  ffltui.o(.text)
    __aeabi_f2uiz                            0x0800033f   Thumb Code    40  ffixui.o(.text)
    __aeabi_f2d                              0x08000367   Thumb Code    40  f2d.o(.text)
    __aeabi_uldivmod                         0x0800038f   Thumb Code    96  uldiv.o(.text)
    __I$use$fp                               0x080003ef   Thumb Code     0  iusefp.o(.text)
    _float_round                             0x080003ef   Thumb Code    16  fepilogue.o(.text)
    _float_epilogue                          0x080003ff   Thumb Code   114  fepilogue.o(.text)
    __aeabi_dadd                             0x08000471   Thumb Code   328  dadd.o(.text)
    __aeabi_dsub                             0x080005b9   Thumb Code    12  dadd.o(.text)
    __aeabi_drsub                            0x080005c5   Thumb Code    12  dadd.o(.text)
    __aeabi_dmul                             0x080005d5   Thumb Code   202  dmul.o(.text)
    __aeabi_ddiv                             0x080006a5   Thumb Code   234  ddiv.o(.text)
    __aeabi_d2ulz                            0x08000795   Thumb Code    54  dfixul.o(.text)
    __aeabi_cdrcmple                         0x080007d5   Thumb Code    38  cdrcmple.o(.text)
    __scatterload                            0x080007fd   Thumb Code    28  init.o(.text)
    __scatterload_rt2                        0x080007fd   Thumb Code     0  init.o(.text)
    __aeabi_llsl                             0x08000821   Thumb Code    32  llshl.o(.text)
    _ll_shift_l                              0x08000821   Thumb Code     0  llshl.o(.text)
    __aeabi_lasr                             0x08000841   Thumb Code    38  llsshr.o(.text)
    _ll_sshift_r                             0x08000841   Thumb Code     0  llsshr.o(.text)
    _double_round                            0x08000867   Thumb Code    26  depilogue.o(.text)
    _double_epilogue                         0x08000881   Thumb Code   164  depilogue.o(.text)
    __decompress                             0x08000925   Thumb Code     0  __dczerorl2.o(.text)
    __decompress1                            0x08000925   Thumb Code    86  __dczerorl2.o(.text)
    CDC_Transmit_FS                          0x08000b95   Thumb Code    46  usbd_cdc_if.o(i.CDC_Transmit_FS)
    DMA1_Channel1_IRQHandler                 0x08000bc9   Thumb Code    10  stm32f0xx_it.o(i.DMA1_Channel1_IRQHandler)
    HAL_ADCEx_Calibration_Start              0x08000c25   Thumb Code   176  stm32f0xx_hal_adc_ex.o(i.HAL_ADCEx_Calibration_Start)
    HAL_ADC_ConfigChannel                    0x08000cd5   Thumb Code   284  stm32f0xx_hal_adc.o(i.HAL_ADC_ConfigChannel)
    HAL_ADC_ConvCpltCallback                 0x08000e01   Thumb Code     2  stm32f0xx_hal_adc.o(i.HAL_ADC_ConvCpltCallback)
    HAL_ADC_ConvHalfCpltCallback             0x08000e03   Thumb Code     2  stm32f0xx_hal_adc.o(i.HAL_ADC_ConvHalfCpltCallback)
    HAL_ADC_ErrorCallback                    0x08000e05   Thumb Code     2  stm32f0xx_hal_adc.o(i.HAL_ADC_ErrorCallback)
    HAL_ADC_Init                             0x08000e09   Thumb Code   364  stm32f0xx_hal_adc.o(i.HAL_ADC_Init)
    HAL_ADC_MspInit                          0x08000f7d   Thumb Code   106  stm32f0xx_hal_msp.o(i.HAL_ADC_MspInit)
    HAL_ADC_Start_DMA                        0x08001015   Thumb Code   144  stm32f0xx_hal_adc.o(i.HAL_ADC_Start_DMA)
    HAL_ADC_Stop                             0x080010b5   Thumb Code    62  stm32f0xx_hal_adc.o(i.HAL_ADC_Stop)
    HAL_DMA_IRQHandler                       0x080010f3   Thumb Code   156  stm32f0xx_hal_dma.o(i.HAL_DMA_IRQHandler)
    HAL_DMA_Init                             0x08001191   Thumb Code    84  stm32f0xx_hal_dma.o(i.HAL_DMA_Init)
    HAL_DMA_Start_IT                         0x080011e9   Thumb Code   106  stm32f0xx_hal_dma.o(i.HAL_DMA_Start_IT)
    HAL_Delay                                0x08001253   Thumb Code    28  stm32f0xx_hal.o(i.HAL_Delay)
    HAL_GPIO_Init                            0x08001271   Thumb Code   294  stm32f0xx_hal_gpio.o(i.HAL_GPIO_Init)
    HAL_GetTick                              0x080013ad   Thumb Code     6  stm32f0xx_hal.o(i.HAL_GetTick)
    HAL_IncTick                              0x080013b9   Thumb Code    10  stm32f0xx_hal.o(i.HAL_IncTick)
    HAL_Init                                 0x080013c9   Thumb Code    26  stm32f0xx_hal.o(i.HAL_Init)
    HAL_InitTick                             0x080013e9   Thumb Code    34  stm32f0xx_hal.o(i.HAL_InitTick)
    HAL_MspInit                              0x0800140d   Thumb Code    60  stm32f0xx_hal_msp.o(i.HAL_MspInit)
    HAL_NVIC_EnableIRQ                       0x08001451   Thumb Code    14  stm32f0xx_hal_cortex.o(i.HAL_NVIC_EnableIRQ)
    HAL_NVIC_SetPriority                     0x08001465   Thumb Code     8  stm32f0xx_hal_cortex.o(i.HAL_NVIC_SetPriority)
    HAL_PCDEx_PMAConfig                      0x0800146d   Thumb Code    58  stm32f0xx_hal_pcd_ex.o(i.HAL_PCDEx_PMAConfig)
    HAL_PCD_DataInStageCallback              0x080014a7   Thumb Code    24  usbd_conf.o(i.HAL_PCD_DataInStageCallback)
    HAL_PCD_DataOutStageCallback             0x080014bf   Thumb Code    28  usbd_conf.o(i.HAL_PCD_DataOutStageCallback)
    HAL_PCD_EP_Close                         0x080014dd   Thumb Code   346  stm32f0xx_hal_pcd.o(i.HAL_PCD_EP_Close)
    HAL_PCD_EP_ClrStall                      0x08001645   Thumb Code   166  stm32f0xx_hal_pcd.o(i.HAL_PCD_EP_ClrStall)
    HAL_PCD_EP_GetRxCount                    0x080016f9   Thumb Code    20  stm32f0xx_hal_pcd.o(i.HAL_PCD_EP_GetRxCount)
    HAL_PCD_EP_Open                          0x0800170d   Thumb Code   652  stm32f0xx_hal_pcd.o(i.HAL_PCD_EP_Open)
    HAL_PCD_EP_Receive                       0x080019b1   Thumb Code   244  stm32f0xx_hal_pcd.o(i.HAL_PCD_EP_Receive)
    HAL_PCD_EP_SetStall                      0x08001ab1   Thumb Code   136  stm32f0xx_hal_pcd.o(i.HAL_PCD_EP_SetStall)
    HAL_PCD_EP_Transmit                      0x08001b45   Thumb Code   222  stm32f0xx_hal_pcd.o(i.HAL_PCD_EP_Transmit)
    HAL_PCD_IRQHandler                       0x08001c35   Thumb Code   238  stm32f0xx_hal_pcd.o(i.HAL_PCD_IRQHandler)
    HAL_PCD_Init                             0x08001d41   Thumb Code   154  stm32f0xx_hal_pcd.o(i.HAL_PCD_Init)
    HAL_PCD_MspInit                          0x08001ddd   Thumb Code    46  usbd_conf.o(i.HAL_PCD_MspInit)
    HAL_PCD_ResetCallback                    0x08001e15   Thumb Code    24  usbd_conf.o(i.HAL_PCD_ResetCallback)
    HAL_PCD_ResumeCallback                   0x08001e2d   Thumb Code    38  usbd_conf.o(i.HAL_PCD_ResumeCallback)
    HAL_PCD_SOFCallback                      0x08001e59   Thumb Code    16  usbd_conf.o(i.HAL_PCD_SOFCallback)
    HAL_PCD_SetAddress                       0x08001e69   Thumb Code    44  stm32f0xx_hal_pcd.o(i.HAL_PCD_SetAddress)
    HAL_PCD_SetupStageCallback               0x08001e95   Thumb Code    22  usbd_conf.o(i.HAL_PCD_SetupStageCallback)
    HAL_PCD_Start                            0x08001eab   Thumb Code    18  stm32f0xx_hal_pcd.o(i.HAL_PCD_Start)
    HAL_PCD_SuspendCallback                  0x08001ebd   Thumb Code    34  usbd_conf.o(i.HAL_PCD_SuspendCallback)
    HAL_RCCEx_CRSConfig                      0x08001ee5   Thumb Code    64  stm32f0xx_hal_rcc_ex.o(i.HAL_RCCEx_CRSConfig)
    HAL_RCCEx_PeriphCLKConfig                0x08001f2d   Thumb Code   254  stm32f0xx_hal_rcc_ex.o(i.HAL_RCCEx_PeriphCLKConfig)
    HAL_RCC_ClockConfig                      0x08002039   Thumb Code   320  stm32f0xx_hal_rcc.o(i.HAL_RCC_ClockConfig)
    HAL_RCC_GetHCLKFreq                      0x0800218d   Thumb Code     6  stm32f0xx_hal_rcc.o(i.HAL_RCC_GetHCLKFreq)
    HAL_RCC_GetPCLK1Freq                     0x08002199   Thumb Code    20  stm32f0xx_hal_rcc.o(i.HAL_RCC_GetPCLK1Freq)
    HAL_RCC_GetSysClockFreq                  0x080021b9   Thumb Code    90  stm32f0xx_hal_rcc.o(i.HAL_RCC_GetSysClockFreq)
    HAL_RCC_OscConfig                        0x08002241   Thumb Code   966  stm32f0xx_hal_rcc.o(i.HAL_RCC_OscConfig)
    HAL_SYSTICK_CLKSourceConfig              0x08002619   Thumb Code    20  stm32f0xx_hal_cortex.o(i.HAL_SYSTICK_CLKSourceConfig)
    HAL_SYSTICK_Callback                     0x08002631   Thumb Code     2  stm32f0xx_hal_cortex.o(i.HAL_SYSTICK_Callback)
    HAL_SYSTICK_Config                       0x08002635   Thumb Code    38  stm32f0xx_hal_cortex.o(i.HAL_SYSTICK_Config)
    HAL_SYSTICK_IRQHandler                   0x08002665   Thumb Code     8  stm32f0xx_hal_cortex.o(i.HAL_SYSTICK_IRQHandler)
    HAL_TIMEx_ConfigBreakDeadTime            0x0800266d   Thumb Code    96  stm32f0xx_hal_tim_ex.o(i.HAL_TIMEx_ConfigBreakDeadTime)
    HAL_TIMEx_MasterConfigSynchronization    0x080026cd   Thumb Code    72  stm32f0xx_hal_tim_ex.o(i.HAL_TIMEx_MasterConfigSynchronization)
    HAL_TIM_Base_Init                        0x08002715   Thumb Code    52  stm32f0xx_hal_tim.o(i.HAL_TIM_Base_Init)
    HAL_TIM_Base_MspInit                     0x08002749   Thumb Code   110  stm32f0xx_hal_msp.o(i.HAL_TIM_Base_MspInit)
    HAL_TIM_Base_Start                       0x080027c9   Thumb Code    24  stm32f0xx_hal_tim.o(i.HAL_TIM_Base_Start)
    HAL_TIM_ConfigClockSource                0x080027e1   Thumb Code   238  stm32f0xx_hal_tim.o(i.HAL_TIM_ConfigClockSource)
    HAL_TIM_IC_ConfigChannel                 0x080028cf   Thumb Code   288  stm32f0xx_hal_tim.o(i.HAL_TIM_IC_ConfigChannel)
    HAL_TIM_IC_Init                          0x080029ef   Thumb Code    52  stm32f0xx_hal_tim.o(i.HAL_TIM_IC_Init)
    HAL_TIM_IC_MspInit                       0x08002a23   Thumb Code     2  stm32f0xx_hal_tim.o(i.HAL_TIM_IC_MspInit)
    HAL_TIM_IC_Start                         0x08002a25   Thumb Code    26  stm32f0xx_hal_tim.o(i.HAL_TIM_IC_Start)
    HAL_TIM_MspPostInit                      0x08002a41   Thumb Code    44  stm32f0xx_hal_msp.o(i.HAL_TIM_MspPostInit)
    HAL_TIM_OC_ConfigChannel                 0x08002a71   Thumb Code    80  stm32f0xx_hal_tim.o(i.HAL_TIM_OC_ConfigChannel)
    HAL_TIM_OC_Init                          0x08002ac1   Thumb Code    52  stm32f0xx_hal_tim.o(i.HAL_TIM_OC_Init)
    HAL_TIM_OC_MspInit                       0x08002af5   Thumb Code     2  stm32f0xx_hal_tim.o(i.HAL_TIM_OC_MspInit)
    HAL_TIM_OC_Start                         0x08002af9   Thumb Code    56  stm32f0xx_hal_tim.o(i.HAL_TIM_OC_Start)
    HAL_TIM_PWM_ConfigChannel                0x08002b3d   Thumb Code   208  stm32f0xx_hal_tim.o(i.HAL_TIM_PWM_ConfigChannel)
    HAL_TIM_PWM_Init                         0x08002c0d   Thumb Code    52  stm32f0xx_hal_tim.o(i.HAL_TIM_PWM_Init)
    HAL_TIM_PWM_MspInit                      0x08002c41   Thumb Code     2  stm32f0xx_hal_tim.o(i.HAL_TIM_PWM_MspInit)
    HAL_TIM_PWM_Start                        0x08002c45   Thumb Code    56  stm32f0xx_hal_tim.o(i.HAL_TIM_PWM_Start)
    HAL_TIM_SlaveConfigSynchronization       0x08002c89   Thumb Code    60  stm32f0xx_hal_tim.o(i.HAL_TIM_SlaveConfigSynchronization)
    HardFault_Handler                        0x08002cc5   Thumb Code     2  stm32f0xx_it.o(i.HardFault_Handler)
    MX_USB_DEVICE_Init                       0x08002f6d   Thumb Code    36  usb_device.o(i.MX_USB_DEVICE_Init)
    NMI_Handler                              0x08002fa1   Thumb Code     2  stm32f0xx_it.o(i.NMI_Handler)
    PCD_ReadPMA                              0x08003321   Thumb Code    42  stm32f0xx_hal_pcd.o(i.PCD_ReadPMA)
    PCD_WritePMA                             0x0800334b   Thumb Code    38  stm32f0xx_hal_pcd.o(i.PCD_WritePMA)
    SysTick_Handler                          0x08003371   Thumb Code    12  stm32f0xx_it.o(i.SysTick_Handler)
    SystemClock_Config                       0x0800337d   Thumb Code   154  main.o(i.SystemClock_Config)
    SystemInit                               0x08003421   Thumb Code    78  system_stm32f0xx.o(i.SystemInit)
    TIM_Base_SetConfig                       0x0800347d   Thumb Code   112  stm32f0xx_hal_tim.o(i.TIM_Base_SetConfig)
    TIM_CCxChannelCmd                        0x08003501   Thumb Code    22  stm32f0xx_hal_tim.o(i.TIM_CCxChannelCmd)
    TIM_ETR_SetConfig                        0x08003517   Thumb Code    22  stm32f0xx_hal_tim.o(i.TIM_ETR_SetConfig)
    TIM_OC2_SetConfig                        0x080035b5   Thumb Code   104  stm32f0xx_hal_tim.o(i.TIM_OC2_SetConfig)
    TIM_TI1_SetConfig                        0x0800379d   Thumb Code    68  stm32f0xx_hal_tim.o(i.TIM_TI1_SetConfig)
    USBD_CDC_GetDeviceQualifierDescriptor    0x080038f9   Thumb Code     8  usbd_cdc.o(i.USBD_CDC_GetDeviceQualifierDescriptor)
    USBD_CDC_ReceivePacket                   0x080039b3   Thumb Code    56  usbd_cdc.o(i.USBD_CDC_ReceivePacket)
    USBD_CDC_RegisterInterface               0x080039eb   Thumb Code    20  usbd_cdc.o(i.USBD_CDC_RegisterInterface)
    USBD_CDC_SetRxBuffer                     0x080039ff   Thumb Code    20  usbd_cdc.o(i.USBD_CDC_SetRxBuffer)
    USBD_CDC_SetTxBuffer                     0x08003a13   Thumb Code    22  usbd_cdc.o(i.USBD_CDC_SetTxBuffer)
    USBD_CDC_TransmitPacket                  0x08003a9d   Thumb Code    52  usbd_cdc.o(i.USBD_CDC_TransmitPacket)
    USBD_ClrClassConfig                      0x08003ad1   Thumb Code    16  usbd_core.o(i.USBD_ClrClassConfig)
    USBD_CtlContinueRx                       0x08003ae1   Thumb Code    16  usbd_ioreq.o(i.USBD_CtlContinueRx)
    USBD_CtlContinueSendData                 0x08003af1   Thumb Code    16  usbd_ioreq.o(i.USBD_CtlContinueSendData)
    USBD_CtlError                            0x08003b01   Thumb Code    20  usbd_ctlreq.o(i.USBD_CtlError)
    USBD_CtlPrepareRx                        0x08003b15   Thumb Code    32  usbd_ioreq.o(i.USBD_CtlPrepareRx)
    USBD_CtlReceiveStatus                    0x08003b35   Thumb Code    24  usbd_ioreq.o(i.USBD_CtlReceiveStatus)
    USBD_CtlSendData                         0x08003b4d   Thumb Code    28  usbd_ioreq.o(i.USBD_CtlSendData)
    USBD_CtlSendStatus                       0x08003b69   Thumb Code    24  usbd_ioreq.o(i.USBD_CtlSendStatus)
    USBD_FS_ConfigStrDescriptor              0x08003b81   Thumb Code    16  usbd_desc.o(i.USBD_FS_ConfigStrDescriptor)
    USBD_FS_DeviceDescriptor                 0x08003ba1   Thumb Code     8  usbd_desc.o(i.USBD_FS_DeviceDescriptor)
    USBD_FS_InterfaceStrDescriptor           0x08003bad   Thumb Code    16  usbd_desc.o(i.USBD_FS_InterfaceStrDescriptor)
    USBD_FS_LangIDStrDescriptor              0x08003bd1   Thumb Code     8  usbd_desc.o(i.USBD_FS_LangIDStrDescriptor)
    USBD_FS_ManufacturerStrDescriptor        0x08003bdd   Thumb Code    16  usbd_desc.o(i.USBD_FS_ManufacturerStrDescriptor)
    USBD_FS_ProductStrDescriptor             0x08003c05   Thumb Code    16  usbd_desc.o(i.USBD_FS_ProductStrDescriptor)
    USBD_FS_SerialStrDescriptor              0x08003c31   Thumb Code    16  usbd_desc.o(i.USBD_FS_SerialStrDescriptor)
    USBD_GetString                           0x08003d35   Thumb Code    68  usbd_ctlreq.o(i.USBD_GetString)
    USBD_Init                                0x08003d79   Thumb Code    50  usbd_core.o(i.USBD_Init)
    USBD_LL_ClearStallEP                     0x08003dab   Thumb Code    38  usbd_conf.o(i.USBD_LL_ClearStallEP)
    USBD_LL_CloseEP                          0x08003dd1   Thumb Code    38  usbd_conf.o(i.USBD_LL_CloseEP)
    USBD_LL_DataInStage                      0x08003df7   Thumb Code   182  usbd_core.o(i.USBD_LL_DataInStage)
    USBD_LL_DataOutStage                     0x08003ead   Thumb Code   116  usbd_core.o(i.USBD_LL_DataOutStage)
    USBD_LL_GetRxDataSize                    0x08003f21   Thumb Code    16  usbd_conf.o(i.USBD_LL_GetRxDataSize)
    USBD_LL_Init                             0x08003f31   Thumb Code   130  usbd_conf.o(i.USBD_LL_Init)
    USBD_LL_IsStallEP                        0x08003fd5   Thumb Code    36  usbd_conf.o(i.USBD_LL_IsStallEP)
    USBD_LL_OpenEP                           0x08003ff9   Thumb Code    44  usbd_conf.o(i.USBD_LL_OpenEP)
    USBD_LL_PrepareReceive                   0x08004025   Thumb Code    38  usbd_conf.o(i.USBD_LL_PrepareReceive)
    USBD_LL_Reset                            0x0800404b   Thumb Code    70  usbd_core.o(i.USBD_LL_Reset)
    USBD_LL_Resume                           0x08004091   Thumb Code    12  usbd_core.o(i.USBD_LL_Resume)
    USBD_LL_SOF                              0x0800409d   Thumb Code    30  usbd_core.o(i.USBD_LL_SOF)
    USBD_LL_SetSpeed                         0x080040bb   Thumb Code     6  usbd_core.o(i.USBD_LL_SetSpeed)
    USBD_LL_SetUSBAddress                    0x080040c1   Thumb Code    38  usbd_conf.o(i.USBD_LL_SetUSBAddress)
    USBD_LL_SetupStage                       0x080040e7   Thumb Code    94  usbd_core.o(i.USBD_LL_SetupStage)
    USBD_LL_StallEP                          0x08004145   Thumb Code    38  usbd_conf.o(i.USBD_LL_StallEP)
    USBD_LL_Start                            0x0800416b   Thumb Code    38  usbd_conf.o(i.USBD_LL_Start)
    USBD_LL_Suspend                          0x08004191   Thumb Code    16  usbd_core.o(i.USBD_LL_Suspend)
    USBD_LL_Transmit                         0x080041a1   Thumb Code    38  usbd_conf.o(i.USBD_LL_Transmit)
    USBD_ParseSetupRequest                   0x080041c7   Thumb Code    40  usbd_ctlreq.o(i.USBD_ParseSetupRequest)
    USBD_RegisterClass                       0x080041ef   Thumb Code    22  usbd_core.o(i.USBD_RegisterClass)
    USBD_SetClassConfig                      0x08004205   Thumb Code    28  usbd_core.o(i.USBD_SetClassConfig)
    USBD_Start                               0x08004291   Thumb Code    10  usbd_core.o(i.USBD_Start)
    USBD_StdDevReq                           0x0800429b   Thumb Code   236  usbd_ctlreq.o(i.USBD_StdDevReq)
    USBD_StdEPReq                            0x08004387   Thumb Code   234  usbd_ctlreq.o(i.USBD_StdEPReq)
    USBD_StdItfReq                           0x08004471   Thumb Code    58  usbd_ctlreq.o(i.USBD_StdItfReq)
    USBD_static_free                         0x080044ab   Thumb Code     2  usbd_conf.o(i.USBD_static_free)
    USBD_static_malloc                       0x080044ad   Thumb Code     4  usbd_conf.o(i.USBD_static_malloc)
    USB_IRQHandler                           0x080044b5   Thumb Code    10  stm32f0xx_it.o(i.USB_IRQHandler)
    _Error_Handler                           0x080044c5   Thumb Code     2  main.o(i._Error_Handler)
    __0snprintf                              0x080044c9   Thumb Code    46  printfa.o(i.__0snprintf)
    __1snprintf                              0x080044c9   Thumb Code     0  printfa.o(i.__0snprintf)
    __2snprintf                              0x080044c9   Thumb Code     0  printfa.o(i.__0snprintf)
    __c89snprintf                            0x080044c9   Thumb Code     0  printfa.o(i.__0snprintf)
    snprintf                                 0x080044c9   Thumb Code     0  printfa.o(i.__0snprintf)
    __0sprintf                               0x080044fd   Thumb Code    36  printfa.o(i.__0sprintf)
    __1sprintf                               0x080044fd   Thumb Code     0  printfa.o(i.__0sprintf)
    __2sprintf                               0x080044fd   Thumb Code     0  printfa.o(i.__0sprintf)
    __c89sprintf                             0x080044fd   Thumb Code     0  printfa.o(i.__0sprintf)
    sprintf                                  0x080044fd   Thumb Code     0  printfa.o(i.__0sprintf)
    __ARM_clz                                0x08004525   Thumb Code    46  depilogue.o(i.__ARM_clz)
    __ARM_common_switch8                     0x08004553   Thumb Code    26  stm32f0xx_hal_dma.o(i.__ARM_common_switch8)
    __scatterload_copy                       0x0800456d   Thumb Code    14  handlers.o(i.__scatterload_copy)
    __scatterload_null                       0x0800457b   Thumb Code     2  handlers.o(i.__scatterload_null)
    __scatterload_zeroinit                   0x0800457d   Thumb Code    14  handlers.o(i.__scatterload_zeroinit)
    main                                     0x08004e59   Thumb Code   430  main.o(i.main)
    receive_command                          0x08005051   Thumb Code   588  main.o(i.receive_command)
    show_help                                0x080052b1   Thumb Code    26  main.o(i.show_help)
    AHBPrescTable                            0x080052d0   Data          16  system_stm32f0xx.o(.constdata)
    APBPrescTable                            0x080052e0   Data           8  system_stm32f0xx.o(.constdata)
    Region$$Table$$Base                      0x08005420   Number         0  anon$$obj.o(Region$$Table)
    Region$$Table$$Limit                     0x08005440   Number         0  anon$$obj.o(Region$$Table)
    SystemCoreClock                          0x20000000   Data           4  system_stm32f0xx.o(.data)
    uwTick                                   0x20000004   Data           4  stm32f0xx_hal.o(.data)
    USBD_Interface_fops_FS                   0x20000008   Data          16  usbd_cdc_if.o(.data)
    UserRxBufferFS                           0x20000018   Data           4  usbd_cdc_if.o(.data)
    UserTxBufferFS                           0x2000001c   Data           4  usbd_cdc_if.o(.data)
    hUsbDevice_0                             0x20000020   Data           4  usbd_cdc_if.o(.data)
    FS_Desc                                  0x20000024   Data          28  usbd_desc.o(.data)
    USBD_LangIDDesc                          0x20000040   Data           4  usbd_desc.o(.data)
    USBD_FS_DeviceDesc                       0x20000044   Data          18  usbd_desc.o(.data)
    USBD_CDC_CfgHSDesc                       0x20000068   Data          67  usbd_cdc.o(.data)
    USBD_CDC_CfgFSDesc                       0x200000ac   Data          67  usbd_cdc.o(.data)
    USBD_CDC_OtherSpeedCfgDesc               0x200000f0   Data          67  usbd_cdc.o(.data)
    USBD_CDC                                 0x20000134   Data          56  usbd_cdc.o(.data)
    adc_buffer                               0x2000016c   Data         300  main.o(.bss)
    hadc                                     0x20000298   Data          76  main.o(.bss)
    htim1                                    0x200002e4   Data          64  main.o(.bss)
    htim2                                    0x20000324   Data          64  main.o(.bss)
    htim3                                    0x20000364   Data          64  main.o(.bss)
    htim14                                   0x200003a4   Data          64  main.o(.bss)
    hdma_adc                                 0x200003e4   Data          68  main.o(.bss)
    hUsbDeviceFS                             0x20000428   Data         548  usb_device.o(.bss)
    hpcd_USB_FS                              0x2000086c   Data         544  usbd_conf.o(.bss)
    USBD_StrDesc                             0x20000a8c   Data         512  usbd_desc.o(.bss)
    __initial_sp                             0x20001090   Data           0  startup_stm32f042x6.o(STACK)



==============================================================================

Memory Map of the image

  Image Entry point : 0x080000c1

  Load Region LR_IROM1 (Base: 0x08000000, Size: 0x000055ac, Max: 0x00008000, ABSOLUTE, COMPRESSED[0x000054fc])

    Execution Region ER_IROM1 (Exec base: 0x08000000, Load base: 0x08000000, Size: 0x00005440, Max: 0x00008000, ABSOLUTE)

    Exec Addr    Load Addr    Size         Type   Attr      Idx    E Section Name        Object

    0x08000000   0x08000000   0x000000c0   Data   RO         3365    RESET               startup_stm32f042x6.o
    0x080000c0   0x080000c0   0x00000000   Code   RO         3723  * .ARM.Collect$$$$00000000  mc_p.l(entry.o)
    0x080000c0   0x080000c0   0x00000004   Code   RO         4005    .ARM.Collect$$$$00000001  mc_p.l(entry2.o)
    0x080000c4   0x080000c4   0x00000004   Code   RO         4008    .ARM.Collect$$$$00000004  mc_p.l(entry5.o)
    0x080000c8   0x080000c8   0x00000000   Code   RO         4010    .ARM.Collect$$$$00000008  mc_p.l(entry7b.o)
    0x080000c8   0x080000c8   0x00000000   Code   RO         4012    .ARM.Collect$$$$0000000A  mc_p.l(entry8b.o)
    0x080000c8   0x080000c8   0x00000008   Code   RO         4013    .ARM.Collect$$$$0000000B  mc_p.l(entry9a.o)
    0x080000d0   0x080000d0   0x00000000   Code   RO         4015    .ARM.Collect$$$$0000000D  mc_p.l(entry10a.o)
    0x080000d0   0x080000d0   0x00000000   Code   RO         4017    .ARM.Collect$$$$0000000F  mc_p.l(entry11a.o)
    0x080000d0   0x080000d0   0x00000004   Code   RO         4006    .ARM.Collect$$$$00002712  mc_p.l(entry2.o)
    0x080000d4   0x080000d4   0x00000058   Code   RO         3366    .text               startup_stm32f042x6.o
    0x0800012c   0x0800012c   0x0000002c   Code   RO         3726    .text               mc_p.l(uidiv.o)
    0x08000158   0x08000158   0x00000022   Code   RO         3728    .text               mc_p.l(llushr.o)
    0x0800017a   0x0800017a   0x0000000e   Code   RO         3730    .text               mc_p.l(strlen.o)
    0x08000188   0x08000188   0x000000b2   Code   RO         3993    .text               mf_p.l(fadd.o)
    0x0800023a   0x0800023a   0x0000007a   Code   RO         3995    .text               mf_p.l(fmul.o)
    0x080002b4   0x080002b4   0x0000007c   Code   RO         3997    .text               mf_p.l(fdiv.o)
    0x08000330   0x08000330   0x0000000e   Code   RO         3999    .text               mf_p.l(ffltui.o)
    0x0800033e   0x0800033e   0x00000028   Code   RO         4001    .text               mf_p.l(ffixui.o)
    0x08000366   0x08000366   0x00000028   Code   RO         4003    .text               mf_p.l(f2d.o)
    0x0800038e   0x0800038e   0x00000060   Code   RO         4022    .text               mc_p.l(uldiv.o)
    0x080003ee   0x080003ee   0x00000000   Code   RO         4024    .text               mc_p.l(iusefp.o)
    0x080003ee   0x080003ee   0x00000082   Code   RO         4025    .text               mf_p.l(fepilogue.o)
    0x08000470   0x08000470   0x00000164   Code   RO         4027    .text               mf_p.l(dadd.o)
    0x080005d4   0x080005d4   0x000000d0   Code   RO         4029    .text               mf_p.l(dmul.o)
    0x080006a4   0x080006a4   0x000000f0   Code   RO         4031    .text               mf_p.l(ddiv.o)
    0x08000794   0x08000794   0x00000040   Code   RO         4033    .text               mf_p.l(dfixul.o)
    0x080007d4   0x080007d4   0x00000028   Code   RO         4035    .text               mf_p.l(cdrcmple.o)
    0x080007fc   0x080007fc   0x00000024   Code   RO         4037    .text               mc_p.l(init.o)
    0x08000820   0x08000820   0x00000020   Code   RO         4040    .text               mc_p.l(llshl.o)
    0x08000840   0x08000840   0x00000026   Code   RO         4042    .text               mc_p.l(llsshr.o)
    0x08000866   0x08000866   0x000000be   Code   RO         4045    .text               mf_p.l(depilogue.o)
    0x08000924   0x08000924   0x00000056   Code   RO         4057    .text               mc_p.l(__dczerorl2.o)
    0x0800097a   0x0800097a   0x00000052   Code   RO         2379    i.ADC_ConversionStop  stm32f0xx_hal_adc.o
    0x080009cc   0x080009cc   0x0000006c   Code   RO         2380    i.ADC_DMAConvCplt   stm32f0xx_hal_adc.o
    0x08000a38   0x08000a38   0x0000001a   Code   RO         2381    i.ADC_DMAError      stm32f0xx_hal_adc.o
    0x08000a52   0x08000a52   0x0000000a   Code   RO         2382    i.ADC_DMAHalfConvCplt  stm32f0xx_hal_adc.o
    0x08000a5c   0x08000a5c   0x00000066   Code   RO         2383    i.ADC_Disable       stm32f0xx_hal_adc.o
    0x08000ac2   0x08000ac2   0x00000002   PAD
    0x08000ac4   0x08000ac4   0x00000084   Code   RO         2384    i.ADC_Enable        stm32f0xx_hal_adc.o
    0x08000b48   0x08000b48   0x00000004   Code   RO         3021    i.CDC_Control_FS    usbd_cdc_if.o
    0x08000b4c   0x08000b4c   0x00000004   Code   RO         3022    i.CDC_DeInit_FS     usbd_cdc_if.o
    0x08000b50   0x08000b50   0x00000020   Code   RO         3023    i.CDC_Init_FS       usbd_cdc_if.o
    0x08000b70   0x08000b70   0x00000024   Code   RO         3024    i.CDC_Receive_FS    usbd_cdc_if.o
    0x08000b94   0x08000b94   0x00000034   Code   RO         3025    i.CDC_Transmit_FS   usbd_cdc_if.o
    0x08000bc8   0x08000bc8   0x00000010   Code   RO         2816    i.DMA1_Channel1_IRQHandler  stm32f0xx_it.o
    0x08000bd8   0x08000bd8   0x00000024   Code   RO          922    i.DMA_CalcBaseAndBitshift  stm32f0xx_hal_dma.o
    0x08000bfc   0x08000bfc   0x00000028   Code   RO          923    i.DMA_SetConfig     stm32f0xx_hal_dma.o
    0x08000c24   0x08000c24   0x000000b0   Code   RO         2575    i.HAL_ADCEx_Calibration_Start  stm32f0xx_hal_adc_ex.o
    0x08000cd4   0x08000cd4   0x0000012c   Code   RO         2386    i.HAL_ADC_ConfigChannel  stm32f0xx_hal_adc.o
    0x08000e00   0x08000e00   0x00000002   Code   RO         2387    i.HAL_ADC_ConvCpltCallback  stm32f0xx_hal_adc.o
    0x08000e02   0x08000e02   0x00000002   Code   RO         2388    i.HAL_ADC_ConvHalfCpltCallback  stm32f0xx_hal_adc.o
    0x08000e04   0x08000e04   0x00000002   Code   RO         2390    i.HAL_ADC_ErrorCallback  stm32f0xx_hal_adc.o
    0x08000e06   0x08000e06   0x00000002   PAD
    0x08000e08   0x08000e08   0x00000174   Code   RO         2395    i.HAL_ADC_Init      stm32f0xx_hal_adc.o
    0x08000f7c   0x08000f7c   0x00000098   Code   RO         2865    i.HAL_ADC_MspInit   stm32f0xx_hal_msp.o
    0x08001014   0x08001014   0x000000a0   Code   RO         2402    i.HAL_ADC_Start_DMA  stm32f0xx_hal_adc.o
    0x080010b4   0x080010b4   0x0000003e   Code   RO         2404    i.HAL_ADC_Stop      stm32f0xx_hal_adc.o
    0x080010f2   0x080010f2   0x0000009c   Code   RO          929    i.HAL_DMA_IRQHandler  stm32f0xx_hal_dma.o
    0x0800118e   0x0800118e   0x00000002   PAD
    0x08001190   0x08001190   0x00000058   Code   RO          930    i.HAL_DMA_Init      stm32f0xx_hal_dma.o
    0x080011e8   0x080011e8   0x0000006a   Code   RO          934    i.HAL_DMA_Start_IT  stm32f0xx_hal_dma.o
    0x08001252   0x08001252   0x0000001c   Code   RO         1352    i.HAL_Delay         stm32f0xx_hal.o
    0x0800126e   0x0800126e   0x00000002   PAD
    0x08001270   0x08001270   0x0000013c   Code   RO          209    i.HAL_GPIO_Init     stm32f0xx_hal_gpio.o
    0x080013ac   0x080013ac   0x0000000c   Code   RO         1356    i.HAL_GetTick       stm32f0xx_hal.o
    0x080013b8   0x080013b8   0x00000010   Code   RO         1360    i.HAL_IncTick       stm32f0xx_hal.o
    0x080013c8   0x080013c8   0x00000020   Code   RO         1361    i.HAL_Init          stm32f0xx_hal.o
    0x080013e8   0x080013e8   0x00000022   Code   RO         1362    i.HAL_InitTick      stm32f0xx_hal.o
    0x0800140a   0x0800140a   0x00000002   PAD
    0x0800140c   0x0800140c   0x00000044   Code   RO         2866    i.HAL_MspInit       stm32f0xx_hal_msp.o
    0x08001450   0x08001450   0x00000014   Code   RO          694    i.HAL_NVIC_EnableIRQ  stm32f0xx_hal_cortex.o
    0x08001464   0x08001464   0x00000008   Code   RO          698    i.HAL_NVIC_SetPriority  stm32f0xx_hal_cortex.o
    0x0800146c   0x0800146c   0x0000003a   Code   RO         2555    i.HAL_PCDEx_PMAConfig  stm32f0xx_hal_pcd_ex.o
    0x080014a6   0x080014a6   0x00000018   Code   RO         3100    i.HAL_PCD_DataInStageCallback  usbd_conf.o
    0x080014be   0x080014be   0x0000001c   Code   RO         3101    i.HAL_PCD_DataOutStageCallback  usbd_conf.o
    0x080014da   0x080014da   0x00000002   PAD
    0x080014dc   0x080014dc   0x00000168   Code   RO         2604    i.HAL_PCD_EP_Close  stm32f0xx_hal_pcd.o
    0x08001644   0x08001644   0x000000b4   Code   RO         2605    i.HAL_PCD_EP_ClrStall  stm32f0xx_hal_pcd.o
    0x080016f8   0x080016f8   0x00000014   Code   RO         2607    i.HAL_PCD_EP_GetRxCount  stm32f0xx_hal_pcd.o
    0x0800170c   0x0800170c   0x000002a4   Code   RO         2608    i.HAL_PCD_EP_Open   stm32f0xx_hal_pcd.o
    0x080019b0   0x080019b0   0x00000100   Code   RO         2609    i.HAL_PCD_EP_Receive  stm32f0xx_hal_pcd.o
    0x08001ab0   0x08001ab0   0x00000094   Code   RO         2610    i.HAL_PCD_EP_SetStall  stm32f0xx_hal_pcd.o
    0x08001b44   0x08001b44   0x000000f0   Code   RO         2611    i.HAL_PCD_EP_Transmit  stm32f0xx_hal_pcd.o
    0x08001c34   0x08001c34   0x0000010c   Code   RO         2613    i.HAL_PCD_IRQHandler  stm32f0xx_hal_pcd.o
    0x08001d40   0x08001d40   0x0000009a   Code   RO         2616    i.HAL_PCD_Init      stm32f0xx_hal_pcd.o
    0x08001dda   0x08001dda   0x00000002   PAD
    0x08001ddc   0x08001ddc   0x00000038   Code   RO         3106    i.HAL_PCD_MspInit   usbd_conf.o
    0x08001e14   0x08001e14   0x00000018   Code   RO         3107    i.HAL_PCD_ResetCallback  usbd_conf.o
    0x08001e2c   0x08001e2c   0x0000002c   Code   RO         3108    i.HAL_PCD_ResumeCallback  usbd_conf.o
    0x08001e58   0x08001e58   0x00000010   Code   RO         3109    i.HAL_PCD_SOFCallback  usbd_conf.o
    0x08001e68   0x08001e68   0x0000002c   Code   RO         2622    i.HAL_PCD_SetAddress  stm32f0xx_hal_pcd.o
    0x08001e94   0x08001e94   0x00000016   Code   RO         3110    i.HAL_PCD_SetupStageCallback  usbd_conf.o
    0x08001eaa   0x08001eaa   0x00000012   Code   RO         2624    i.HAL_PCD_Start     stm32f0xx_hal_pcd.o
    0x08001ebc   0x08001ebc   0x00000028   Code   RO         3111    i.HAL_PCD_SuspendCallback  usbd_conf.o
    0x08001ee4   0x08001ee4   0x00000048   Code   RO          836    i.HAL_RCCEx_CRSConfig  stm32f0xx_hal_rcc_ex.o
    0x08001f2c   0x08001f2c   0x0000010c   Code   RO          847    i.HAL_RCCEx_PeriphCLKConfig  stm32f0xx_hal_rcc_ex.o
    0x08002038   0x08002038   0x00000154   Code   RO         1256    i.HAL_RCC_ClockConfig  stm32f0xx_hal_rcc.o
    0x0800218c   0x0800218c   0x0000000c   Code   RO         1261    i.HAL_RCC_GetHCLKFreq  stm32f0xx_hal_rcc.o
    0x08002198   0x08002198   0x00000020   Code   RO         1263    i.HAL_RCC_GetPCLK1Freq  stm32f0xx_hal_rcc.o
    0x080021b8   0x080021b8   0x00000088   Code   RO         1264    i.HAL_RCC_GetSysClockFreq  stm32f0xx_hal_rcc.o
    0x08002240   0x08002240   0x000003d8   Code   RO         1267    i.HAL_RCC_OscConfig  stm32f0xx_hal_rcc.o
    0x08002618   0x08002618   0x00000018   Code   RO          700    i.HAL_SYSTICK_CLKSourceConfig  stm32f0xx_hal_cortex.o
    0x08002630   0x08002630   0x00000002   Code   RO          701    i.HAL_SYSTICK_Callback  stm32f0xx_hal_cortex.o
    0x08002632   0x08002632   0x00000002   PAD
    0x08002634   0x08002634   0x00000030   Code   RO          702    i.HAL_SYSTICK_Config  stm32f0xx_hal_cortex.o
    0x08002664   0x08002664   0x00000008   Code   RO          703    i.HAL_SYSTICK_IRQHandler  stm32f0xx_hal_cortex.o
    0x0800266c   0x0800266c   0x00000060   Code   RO         1022    i.HAL_TIMEx_ConfigBreakDeadTime  stm32f0xx_hal_tim_ex.o
    0x080026cc   0x080026cc   0x00000048   Code   RO         1037    i.HAL_TIMEx_MasterConfigSynchronization  stm32f0xx_hal_tim_ex.o
    0x08002714   0x08002714   0x00000034   Code   RO         1557    i.HAL_TIM_Base_Init  stm32f0xx_hal_tim.o
    0x08002748   0x08002748   0x00000080   Code   RO         2868    i.HAL_TIM_Base_MspInit  stm32f0xx_hal_msp.o
    0x080027c8   0x080027c8   0x00000018   Code   RO         1560    i.HAL_TIM_Base_Start  stm32f0xx_hal_tim.o
    0x080027e0   0x080027e0   0x000000ee   Code   RO         1566    i.HAL_TIM_ConfigClockSource  stm32f0xx_hal_tim.o
    0x080028ce   0x080028ce   0x00000120   Code   RO         1589    i.HAL_TIM_IC_ConfigChannel  stm32f0xx_hal_tim.o
    0x080029ee   0x080029ee   0x00000034   Code   RO         1592    i.HAL_TIM_IC_Init   stm32f0xx_hal_tim.o
    0x08002a22   0x08002a22   0x00000002   Code   RO         1594    i.HAL_TIM_IC_MspInit  stm32f0xx_hal_tim.o
    0x08002a24   0x08002a24   0x0000001a   Code   RO         1595    i.HAL_TIM_IC_Start  stm32f0xx_hal_tim.o
    0x08002a3e   0x08002a3e   0x00000002   PAD
    0x08002a40   0x08002a40   0x00000030   Code   RO         2869    i.HAL_TIM_MspPostInit  stm32f0xx_hal_msp.o
    0x08002a70   0x08002a70   0x00000050   Code   RO         1602    i.HAL_TIM_OC_ConfigChannel  stm32f0xx_hal_tim.o
    0x08002ac0   0x08002ac0   0x00000034   Code   RO         1606    i.HAL_TIM_OC_Init   stm32f0xx_hal_tim.o
    0x08002af4   0x08002af4   0x00000002   Code   RO         1608    i.HAL_TIM_OC_MspInit  stm32f0xx_hal_tim.o
    0x08002af6   0x08002af6   0x00000002   PAD
    0x08002af8   0x08002af8   0x00000044   Code   RO         1609    i.HAL_TIM_OC_Start  stm32f0xx_hal_tim.o
    0x08002b3c   0x08002b3c   0x000000d0   Code   RO         1625    i.HAL_TIM_PWM_ConfigChannel  stm32f0xx_hal_tim.o
    0x08002c0c   0x08002c0c   0x00000034   Code   RO         1628    i.HAL_TIM_PWM_Init  stm32f0xx_hal_tim.o
    0x08002c40   0x08002c40   0x00000002   Code   RO         1630    i.HAL_TIM_PWM_MspInit  stm32f0xx_hal_tim.o
    0x08002c42   0x08002c42   0x00000002   PAD
    0x08002c44   0x08002c44   0x00000044   Code   RO         1632    i.HAL_TIM_PWM_Start  stm32f0xx_hal_tim.o
    0x08002c88   0x08002c88   0x0000003c   Code   RO         1640    i.HAL_TIM_SlaveConfigSynchronization  stm32f0xx_hal_tim.o
    0x08002cc4   0x08002cc4   0x00000002   Code   RO         2817    i.HardFault_Handler  stm32f0xx_it.o
    0x08002cc6   0x08002cc6   0x00000002   PAD
    0x08002cc8   0x08002cc8   0x00000080   Code   RO         2915    i.MX_ADC_Init       main.o
    0x08002d48   0x08002d48   0x00000064   Code   RO         2916    i.MX_TIM14_Init     main.o
    0x08002dac   0x08002dac   0x000000ac   Code   RO         2917    i.MX_TIM1_Init      main.o
    0x08002e58   0x08002e58   0x00000094   Code   RO         2918    i.MX_TIM2_Init      main.o
    0x08002eec   0x08002eec   0x00000080   Code   RO         2919    i.MX_TIM3_Init      main.o
    0x08002f6c   0x08002f6c   0x00000034   Code   RO         3068    i.MX_USB_DEVICE_Init  usb_device.o
    0x08002fa0   0x08002fa0   0x00000002   Code   RO         2818    i.NMI_Handler       stm32f0xx_it.o
    0x08002fa2   0x08002fa2   0x00000002   PAD
    0x08002fa4   0x08002fa4   0x00000044   Code   RO          704    i.NVIC_SetPriority  stm32f0xx_hal_cortex.o
    0x08002fe8   0x08002fe8   0x00000338   Code   RO         2627    i.PCD_EP_ISR_Handler  stm32f0xx_hal_pcd.o
    0x08003320   0x08003320   0x0000002a   Code   RO         2628    i.PCD_ReadPMA       stm32f0xx_hal_pcd.o
    0x0800334a   0x0800334a   0x00000026   Code   RO         2629    i.PCD_WritePMA      stm32f0xx_hal_pcd.o
    0x08003370   0x08003370   0x0000000c   Code   RO         2819    i.SysTick_Handler   stm32f0xx_it.o
    0x0800337c   0x0800337c   0x000000a4   Code   RO         2920    i.SystemClock_Config  main.o
    0x08003420   0x08003420   0x0000005c   Code   RO            4    i.SystemInit        system_stm32f0xx.o
    0x0800347c   0x0800347c   0x00000084   Code   RO         1643    i.TIM_Base_SetConfig  stm32f0xx_hal_tim.o
    0x08003500   0x08003500   0x00000016   Code   RO         1644    i.TIM_CCxChannelCmd  stm32f0xx_hal_tim.o
    0x08003516   0x08003516   0x00000016   Code   RO         1650    i.TIM_ETR_SetConfig  stm32f0xx_hal_tim.o
    0x0800352c   0x0800352c   0x00000010   Code   RO         1651    i.TIM_ITRx_SetConfig  stm32f0xx_hal_tim.o
    0x0800353c   0x0800353c   0x00000078   Code   RO         1652    i.TIM_OC1_SetConfig  stm32f0xx_hal_tim.o
    0x080035b4   0x080035b4   0x00000074   Code   RO         1653    i.TIM_OC2_SetConfig  stm32f0xx_hal_tim.o
    0x08003628   0x08003628   0x00000078   Code   RO         1654    i.TIM_OC3_SetConfig  stm32f0xx_hal_tim.o
    0x080036a0   0x080036a0   0x00000060   Code   RO         1655    i.TIM_OC4_SetConfig  stm32f0xx_hal_tim.o
    0x08003700   0x08003700   0x0000007a   Code   RO         1656    i.TIM_SlaveTimer_SetConfig  stm32f0xx_hal_tim.o
    0x0800377a   0x0800377a   0x00000022   Code   RO         1657    i.TIM_TI1_ConfigInputStage  stm32f0xx_hal_tim.o
    0x0800379c   0x0800379c   0x0000004c   Code   RO         1658    i.TIM_TI1_SetConfig  stm32f0xx_hal_tim.o
    0x080037e8   0x080037e8   0x00000026   Code   RO         1659    i.TIM_TI2_ConfigInputStage  stm32f0xx_hal_tim.o
    0x0800380e   0x0800380e   0x00000034   Code   RO         1660    i.TIM_TI2_SetConfig  stm32f0xx_hal_tim.o
    0x08003842   0x08003842   0x0000001e   Code   RO         3623    i.USBD_CDC_DataIn   usbd_cdc.o
    0x08003860   0x08003860   0x00000034   Code   RO         3624    i.USBD_CDC_DataOut  usbd_cdc.o
    0x08003894   0x08003894   0x0000003c   Code   RO         3625    i.USBD_CDC_DeInit   usbd_cdc.o
    0x080038d0   0x080038d0   0x00000028   Code   RO         3626    i.USBD_CDC_EP0_RxReady  usbd_cdc.o
    0x080038f8   0x080038f8   0x0000000c   Code   RO         3627    i.USBD_CDC_GetDeviceQualifierDescriptor  usbd_cdc.o
    0x08003904   0x08003904   0x0000000c   Code   RO         3628    i.USBD_CDC_GetFSCfgDesc  usbd_cdc.o
    0x08003910   0x08003910   0x0000000c   Code   RO         3629    i.USBD_CDC_GetHSCfgDesc  usbd_cdc.o
    0x0800391c   0x0800391c   0x0000000c   Code   RO         3630    i.USBD_CDC_GetOtherSpeedCfgDesc  usbd_cdc.o
    0x08003928   0x08003928   0x0000008a   Code   RO         3631    i.USBD_CDC_Init     usbd_cdc.o
    0x080039b2   0x080039b2   0x00000038   Code   RO         3632    i.USBD_CDC_ReceivePacket  usbd_cdc.o
    0x080039ea   0x080039ea   0x00000014   Code   RO         3633    i.USBD_CDC_RegisterInterface  usbd_cdc.o
    0x080039fe   0x080039fe   0x00000014   Code   RO         3634    i.USBD_CDC_SetRxBuffer  usbd_cdc.o
    0x08003a12   0x08003a12   0x00000016   Code   RO         3635    i.USBD_CDC_SetTxBuffer  usbd_cdc.o
    0x08003a28   0x08003a28   0x00000074   Code   RO         3636    i.USBD_CDC_Setup    usbd_cdc.o
    0x08003a9c   0x08003a9c   0x00000034   Code   RO         3637    i.USBD_CDC_TransmitPacket  usbd_cdc.o
    0x08003ad0   0x08003ad0   0x00000010   Code   RO         3428    i.USBD_ClrClassConfig  usbd_core.o
    0x08003ae0   0x08003ae0   0x00000010   Code   RO         3372    i.USBD_CtlContinueRx  usbd_ioreq.o
    0x08003af0   0x08003af0   0x00000010   Code   RO         3373    i.USBD_CtlContinueSendData  usbd_ioreq.o
    0x08003b00   0x08003b00   0x00000014   Code   RO         3562    i.USBD_CtlError     usbd_ctlreq.o
    0x08003b14   0x08003b14   0x00000020   Code   RO         3374    i.USBD_CtlPrepareRx  usbd_ioreq.o
    0x08003b34   0x08003b34   0x00000018   Code   RO         3375    i.USBD_CtlReceiveStatus  usbd_ioreq.o
    0x08003b4c   0x08003b4c   0x0000001c   Code   RO         3376    i.USBD_CtlSendData  usbd_ioreq.o
    0x08003b68   0x08003b68   0x00000018   Code   RO         3377    i.USBD_CtlSendStatus  usbd_ioreq.o
    0x08003b80   0x08003b80   0x00000020   Code   RO         3301    i.USBD_FS_ConfigStrDescriptor  usbd_desc.o
    0x08003ba0   0x08003ba0   0x0000000c   Code   RO         3302    i.USBD_FS_DeviceDescriptor  usbd_desc.o
    0x08003bac   0x08003bac   0x00000024   Code   RO         3303    i.USBD_FS_InterfaceStrDescriptor  usbd_desc.o
    0x08003bd0   0x08003bd0   0x0000000c   Code   RO         3304    i.USBD_FS_LangIDStrDescriptor  usbd_desc.o
    0x08003bdc   0x08003bdc   0x00000028   Code   RO         3305    i.USBD_FS_ManufacturerStrDescriptor  usbd_desc.o
    0x08003c04   0x08003c04   0x0000002c   Code   RO         3306    i.USBD_FS_ProductStrDescriptor  usbd_desc.o
    0x08003c30   0x08003c30   0x00000024   Code   RO         3307    i.USBD_FS_SerialStrDescriptor  usbd_desc.o
    0x08003c54   0x08003c54   0x000000e0   Code   RO         3563    i.USBD_GetDescriptor  usbd_ctlreq.o
    0x08003d34   0x08003d34   0x00000044   Code   RO         3564    i.USBD_GetString    usbd_ctlreq.o
    0x08003d78   0x08003d78   0x00000032   Code   RO         3430    i.USBD_Init         usbd_core.o
    0x08003daa   0x08003daa   0x00000026   Code   RO         3112    i.USBD_LL_ClearStallEP  usbd_conf.o
    0x08003dd0   0x08003dd0   0x00000026   Code   RO         3113    i.USBD_LL_CloseEP   usbd_conf.o
    0x08003df6   0x08003df6   0x000000b6   Code   RO         3431    i.USBD_LL_DataInStage  usbd_core.o
    0x08003eac   0x08003eac   0x00000074   Code   RO         3432    i.USBD_LL_DataOutStage  usbd_core.o
    0x08003f20   0x08003f20   0x00000010   Code   RO         3117    i.USBD_LL_GetRxDataSize  usbd_conf.o
    0x08003f30   0x08003f30   0x000000a4   Code   RO         3118    i.USBD_LL_Init      usbd_conf.o
    0x08003fd4   0x08003fd4   0x00000024   Code   RO         3119    i.USBD_LL_IsStallEP  usbd_conf.o
    0x08003ff8   0x08003ff8   0x0000002c   Code   RO         3120    i.USBD_LL_OpenEP    usbd_conf.o
    0x08004024   0x08004024   0x00000026   Code   RO         3121    i.USBD_LL_PrepareReceive  usbd_conf.o
    0x0800404a   0x0800404a   0x00000046   Code   RO         3437    i.USBD_LL_Reset     usbd_core.o
    0x08004090   0x08004090   0x0000000c   Code   RO         3438    i.USBD_LL_Resume    usbd_core.o
    0x0800409c   0x0800409c   0x0000001e   Code   RO         3439    i.USBD_LL_SOF       usbd_core.o
    0x080040ba   0x080040ba   0x00000006   Code   RO         3440    i.USBD_LL_SetSpeed  usbd_core.o
    0x080040c0   0x080040c0   0x00000026   Code   RO         3122    i.USBD_LL_SetUSBAddress  usbd_conf.o
    0x080040e6   0x080040e6   0x0000005e   Code   RO         3441    i.USBD_LL_SetupStage  usbd_core.o
    0x08004144   0x08004144   0x00000026   Code   RO         3123    i.USBD_LL_StallEP   usbd_conf.o
    0x0800416a   0x0800416a   0x00000026   Code   RO         3124    i.USBD_LL_Start     usbd_conf.o
    0x08004190   0x08004190   0x00000010   Code   RO         3442    i.USBD_LL_Suspend   usbd_core.o
    0x080041a0   0x080041a0   0x00000026   Code   RO         3126    i.USBD_LL_Transmit  usbd_conf.o
    0x080041c6   0x080041c6   0x00000028   Code   RO         3565    i.USBD_ParseSetupRequest  usbd_ctlreq.o
    0x080041ee   0x080041ee   0x00000016   Code   RO         3443    i.USBD_RegisterClass  usbd_core.o
    0x08004204   0x08004204   0x0000001c   Code   RO         3445    i.USBD_SetClassConfig  usbd_core.o
    0x08004220   0x08004220   0x00000070   Code   RO         3566    i.USBD_SetConfig    usbd_ctlreq.o
    0x08004290   0x08004290   0x0000000a   Code   RO         3446    i.USBD_Start        usbd_core.o
    0x0800429a   0x0800429a   0x000000ec   Code   RO         3567    i.USBD_StdDevReq    usbd_ctlreq.o
    0x08004386   0x08004386   0x000000ea   Code   RO         3568    i.USBD_StdEPReq     usbd_ctlreq.o
    0x08004470   0x08004470   0x0000003a   Code   RO         3569    i.USBD_StdItfReq    usbd_ctlreq.o
    0x080044aa   0x080044aa   0x00000002   Code   RO         3127    i.USBD_static_free  usbd_conf.o
    0x080044ac   0x080044ac   0x00000008   Code   RO         3128    i.USBD_static_malloc  usbd_conf.o
    0x080044b4   0x080044b4   0x00000010   Code   RO         2820    i.USB_IRQHandler    stm32f0xx_it.o
    0x080044c4   0x080044c4   0x00000002   Code   RO         2921    i._Error_Handler    main.o
    0x080044c6   0x080044c6   0x00000002   PAD
    0x080044c8   0x080044c8   0x00000034   Code   RO         3966    i.__0snprintf       mc_p.l(printfa.o)
    0x080044fc   0x080044fc   0x00000028   Code   RO         3967    i.__0sprintf        mc_p.l(printfa.o)
    0x08004524   0x08004524   0x0000002e   Code   RO         4047    i.__ARM_clz         mf_p.l(depilogue.o)
    0x08004552   0x08004552   0x0000001a   Code   RO         1013    i.__ARM_common_switch8  stm32f0xx_hal_dma.o
    0x0800456c   0x0800456c   0x0000000e   Code   RO         4051    i.__scatterload_copy  mc_p.l(handlers.o)
    0x0800457a   0x0800457a   0x00000002   Code   RO         4052    i.__scatterload_null  mc_p.l(handlers.o)
    0x0800457c   0x0800457c   0x0000000e   Code   RO         4053    i.__scatterload_zeroinit  mc_p.l(handlers.o)
    0x0800458a   0x0800458a   0x00000002   PAD
    0x0800458c   0x0800458c   0x00000174   Code   RO         3972    i._fp_digits        mc_p.l(printfa.o)
    0x08004700   0x08004700   0x000006ec   Code   RO         3973    i._printf_core      mc_p.l(printfa.o)
    0x08004dec   0x08004dec   0x00000020   Code   RO         3974    i._printf_post_padding  mc_p.l(printfa.o)
    0x08004e0c   0x08004e0c   0x0000002c   Code   RO         3975    i._printf_pre_padding  mc_p.l(printfa.o)
    0x08004e38   0x08004e38   0x00000016   Code   RO         3976    i._snputc           mc_p.l(printfa.o)
    0x08004e4e   0x08004e4e   0x0000000a   Code   RO         3977    i._sputc            mc_p.l(printfa.o)
    0x08004e58   0x08004e58   0x000001f8   Code   RO         2922    i.main              main.o
    0x08005050   0x08005050   0x00000260   Code   RO         2923    i.receive_command   main.o
    0x080052b0   0x080052b0   0x00000020   Code   RO         2924    i.show_help         main.o
    0x080052d0   0x080052d0   0x00000010   Data   RO            5    .constdata          system_stm32f0xx.o
    0x080052e0   0x080052e0   0x00000008   Data   RO            6    .constdata          system_stm32f0xx.o
    0x080052e8   0x080052e8   0x00000137   Data   RO         2927    .conststring        main.o
    0x0800541f   0x0800541f   0x00000001   PAD
    0x08005420   0x08005420   0x00000020   Data   RO         4049    Region$$Table       anon$$obj.o


    Execution Region RW_IRAM1 (Exec base: 0x20000000, Load base: 0x08005440, Size: 0x00001090, Max: 0x00001800, ABSOLUTE, COMPRESSED[0x000000bc])

    Exec Addr    Load Addr    Size         Type   Attr      Idx    E Section Name        Object

    0x20000000   COMPRESSED   0x00000004   Data   RW            7    .data               system_stm32f0xx.o
    0x20000004   COMPRESSED   0x00000004   Data   RW         1367    .data               stm32f0xx_hal.o
    0x20000008   COMPRESSED   0x00000010   Data   RW         3026    .data               usbd_cdc_if.o
    0x20000018   COMPRESSED   0x0000000c   Data   RW         3027    .data               usbd_cdc_if.o
    0x20000024   COMPRESSED   0x0000001c   Data   RW         3309    .data               usbd_desc.o
    0x20000040   COMPRESSED   0x00000016   Data   RW         3310    .data               usbd_desc.o
    0x20000056   COMPRESSED   0x00000001   Data   RW         3570    .data               usbd_ctlreq.o
    0x20000057   COMPRESSED   0x00000001   PAD
    0x20000058   COMPRESSED   0x000000db   Data   RW         3638    .data               usbd_cdc.o
    0x20000133   COMPRESSED   0x00000001   PAD
    0x20000134   COMPRESSED   0x00000038   Data   RW         3639    .data               usbd_cdc.o
    0x2000016c        -       0x00000278   Zero   RW         2925    .bss                main.o
    0x200003e4        -       0x00000044   Zero   RW         2926    .bss                main.o
    0x20000428        -       0x00000224   Zero   RW         3069    .bss                usb_device.o
    0x2000064c        -       0x00000440   Zero   RW         3129    .bss                usbd_conf.o
    0x20000a8c        -       0x00000200   Zero   RW         3308    .bss                usbd_desc.o
    0x20000c8c   COMPRESSED   0x00000004   PAD
    0x20000c90        -       0x00000400   Zero   RW         3363    STACK               startup_stm32f042x6.o


==============================================================================

Image component sizes


      Code (inc. data)   RO Data    RW Data    ZI Data      Debug   Object Name

      1986        168        311          0        700      15808   main.o
        88         38        192          0       1024        660   startup_stm32f042x6.o
       122         18          0          4          0       3939   stm32f0xx_hal.o
      1360         52          0          0          0      10324   stm32f0xx_hal_adc.o
       176          0          0          0          0       1474   stm32f0xx_hal_adc_ex.o
       178         28          0          0          0      10883   stm32f0xx_hal_cortex.o
       452         14          0          0          0       4479   stm32f0xx_hal_dma.o
       316         22          0          0          0       1708   stm32f0xx_hal_gpio.o
       396         76          0          0          0       3180   stm32f0xx_hal_msp.o
      3268        146          0          0          0      14321   stm32f0xx_hal_pcd.o
        58          0          0          0          0       1330   stm32f0xx_hal_pcd_ex.o
      1504        102          0          0          0       5437   stm32f0xx_hal_rcc.o
       340         22          0          0          0       2206   stm32f0xx_hal_rcc_ex.o
      2240        112          0          0          0      22348   stm32f0xx_hal_tim.o
       168          0          0          0          0       2200   stm32f0xx_hal_tim_ex.o
        48         12          0          0          0       2400   stm32f0xx_it.o
        92         14         24          4          0     462035   system_stm32f0xx.o
        52         16          0          0        548        784   usb_device.o
       654         20          0        275          0      13470   usbd_cdc.o
       128         18          0         28          0       3482   usbd_cdc_if.o
       790         60          0          0       1088      13850   usbd_conf.o
       652          0          0          0          0       9856   usbd_core.o
       992         34          0          1          0       8188   usbd_ctlreq.o
       212        116          0         50        512       5291   usbd_desc.o
       140          0          0          0          0       4644   usbd_ioreq.o

    ----------------------------------------------------------------------
     16440       1088        560        364       3876     624297   Object Totals
         0          0         32          0          0          0   (incl. Generated)
        28          0          1          2          4          0   (incl. Padding)

    ----------------------------------------------------------------------

      Code (inc. data)   RO Data    RW Data    ZI Data      Debug   Library Member Name

        86          0          0          0          0          0   __dczerorl2.o
         0          0          0          0          0          0   entry.o
         0          0          0          0          0          0   entry10a.o
         0          0          0          0          0          0   entry11a.o
         8          4          0          0          0          0   entry2.o
         4          0          0          0          0          0   entry5.o
         0          0          0          0          0          0   entry7b.o
         0          0          0          0          0          0   entry8b.o
         8          4          0          0          0          0   entry9a.o
        30          0          0          0          0          0   handlers.o
        36          8          0          0          0         68   init.o
         0          0          0          0          0          0   iusefp.o
        32          0          0          0          0         68   llshl.o
        38          0          0          0          0         68   llsshr.o
        34          0          0          0          0         68   llushr.o
      2344        100          0          0          0        616   printfa.o
        14          0          0          0          0         60   strlen.o
        44          0          0          0          0         72   uidiv.o
        96          0          0          0          0         84   uldiv.o
        40          2          0          0          0         68   cdrcmple.o
       356          4          0          0          0        140   dadd.o
       240          6          0          0          0         84   ddiv.o
       236          0          0          0          0        216   depilogue.o
        64         10          0          0          0         68   dfixul.o
       208          6          0          0          0         88   dmul.o
        40          0          0          0          0         60   f2d.o
       178          0          0          0          0        108   fadd.o
       124          0          0          0          0         72   fdiv.o
       130          0          0          0          0        144   fepilogue.o
        40          0          0          0          0         60   ffixui.o
        14          0          0          0          0         68   ffltui.o
       122          0          0          0          0         72   fmul.o

    ----------------------------------------------------------------------
      4568        144          0          0          0       2352   Library Totals
         2          0          0          0          0          0   (incl. Padding)

    ----------------------------------------------------------------------

      Code (inc. data)   RO Data    RW Data    ZI Data      Debug   Library Name

      2774        116          0          0          0       1104   mc_p.l
      1792         28          0          0          0       1248   mf_p.l

    ----------------------------------------------------------------------
      4568        144          0          0          0       2352   Library Totals

    ----------------------------------------------------------------------

==============================================================================


      Code (inc. data)   RO Data    RW Data    ZI Data      Debug   

     21008       1232        560        364       3876     617801   Grand Totals
     21008       1232        560        188       3876     617801   ELF Image Totals (compressed)
     21008       1232        560        188          0          0   ROM Totals

==============================================================================

    Total RO  Size (Code + RO Data)                21568 (  21.06kB)
    Total RW  Size (RW Data + ZI Data)              4240 (   4.14kB)
    Total ROM Size (Code + RO Data + RW Data)      21756 (  21.25kB)

==============================================================================

